<html>
<body>
<pre>
<h1>礦ision Build Log</h1>
<h2>Project:</h2>
D:\diansai\麦轮小车\MDK-ARM\C30D.uvprojx
Project File Date:  07/27/2023

<h2>Output:</h2>
Rebuild target 'C30D'
assembling startup_stm32f407xx.s...
compiling main.c...
compiling gpio.c...
compiling adc.c...
compiling can.c...
compiling i2c.c...
compiling tim.c...
compiling usart.c...
compiling stm32f4xx_it.c...
compiling stm32f4xx_hal_msp.c...
compiling stm32f4xx_hal_adc.c...
compiling stm32f4xx_hal_adc_ex.c...
compiling stm32f4xx_ll_adc.c...
compiling stm32f4xx_hal_rcc.c...
compiling stm32f4xx_hal_rcc_ex.c...
compiling stm32f4xx_hal_flash.c...
compiling stm32f4xx_hal_flash_ex.c...
compiling stm32f4xx_hal_flash_ramfunc.c...
compiling stm32f4xx_hal_gpio.c...
compiling stm32f4xx_hal_dma_ex.c...
compiling stm32f4xx_hal_dma.c...
compiling stm32f4xx_hal_pwr.c...
compiling stm32f4xx_hal_pwr_ex.c...
compiling stm32f4xx_hal_cortex.c...
compiling stm32f4xx_hal.c...
compiling stm32f4xx_hal_exti.c...
compiling stm32f4xx_hal_can.c...
compiling stm32f4xx_hal_i2c.c...
compiling stm32f4xx_hal_i2c_ex.c...
compiling stm32f4xx_hal_tim.c...
compiling stm32f4xx_hal_tim_ex.c...
compiling stm32f4xx_hal_uart.c...
compiling system_stm32f4xx.c...
compiling DataScope_DP.C...
compiling encoder.c...
compiling exti.c...
compiling key.c...
compiling LED.C...
compiling oled.c...
compiling pstwo.c...
compiling timer.c...
compiling usartx.c...
compiling dma.c...
compiling balance.c...
compiling filter.c...
..\BALANCE\filter.c(67): warning:  #1035-D: single-precision operand implicitly converted to double-precision
     angle = K1 * angle_m+ (1-K1) * (angle + gyro_m * 0.005);
..\BALANCE\filter.c: 1 warning, 0 errors
compiling robot_select_init.c...
compiling show.c...
compiling system.c...
compiling delay.c...
compiling sys.c...
compiling MPU6050.c...
linking...
Program Size: Code=36610 RO-data=6174 RW-data=336 ZI-data=4112  
FromELF: creating hex file...
"..\Output\C30D.axf" - 0 Error(s), 1 Warning(s).

<h2>Software Packages used:</h2>

Package Vendor: ARM
                http://www.keil.com/pack/ARM.CMSIS.3.20.4.pack
                ARM::CMSIS:CORE:3.20.0
                Cortex Microcontroller Software Interface Standard (CMSIS) CORE, DSP, RTOS, Driver
   * Component: CORE Version: 3.20.0

<h2>Collection of Component include folders:</h2>
  D:\diansai\麦轮小车\MDK-ARM\RTE
  D:\diansai\ARM\PACK\ARM\CMSIS\3.20.4\CMSIS\Include

<h2>Collection of Component Files used:</h2>

   * Component: ARM::CMSIS:CORE:3.20.0
