Product: MDK-ARM Professional 5.10
Component: ARM Compiler 5.04 update 1 (build 49)
Tool: armlink [5040049]

==============================================================================

Section Cross References

    startup_stm32f407xx.o(STACK) refers (Special) to heapauxi.o(.text) for __use_two_region_memory
    startup_stm32f407xx.o(HEAP) refers (Special) to heapauxi.o(.text) for __use_two_region_memory
    startup_stm32f407xx.o(RESET) refers (Special) to heapauxi.o(.text) for __use_two_region_memory
    startup_stm32f407xx.o(RESET) refers to startup_stm32f407xx.o(STACK) for __initial_sp
    startup_stm32f407xx.o(RESET) refers to startup_stm32f407xx.o(.text) for Reset_Handler
    startup_stm32f407xx.o(RESET) refers to stm32f4xx_it.o(i.NMI_Handler) for NMI_Handler
    startup_stm32f407xx.o(RESET) refers to stm32f4xx_it.o(i.HardFault_Handler) for HardFault_Handler
    startup_stm32f407xx.o(RESET) refers to stm32f4xx_it.o(i.MemManage_Handler) for MemManage_Handler
    startup_stm32f407xx.o(RESET) refers to stm32f4xx_it.o(i.BusFault_Handler) for BusFault_Handler
    startup_stm32f407xx.o(RESET) refers to stm32f4xx_it.o(i.UsageFault_Handler) for UsageFault_Handler
    startup_stm32f407xx.o(RESET) refers to stm32f4xx_it.o(i.SVC_Handler) for SVC_Handler
    startup_stm32f407xx.o(RESET) refers to stm32f4xx_it.o(i.DebugMon_Handler) for DebugMon_Handler
    startup_stm32f407xx.o(RESET) refers to stm32f4xx_it.o(i.PendSV_Handler) for PendSV_Handler
    startup_stm32f407xx.o(RESET) refers to stm32f4xx_it.o(i.SysTick_Handler) for SysTick_Handler
    startup_stm32f407xx.o(RESET) refers to stm32f4xx_it.o(i.CAN1_RX0_IRQHandler) for CAN1_RX0_IRQHandler
    startup_stm32f407xx.o(RESET) refers to stm32f4xx_it.o(i.TIM2_IRQHandler) for TIM2_IRQHandler
    startup_stm32f407xx.o(RESET) refers to stm32f4xx_it.o(i.TIM3_IRQHandler) for TIM3_IRQHandler
    startup_stm32f407xx.o(RESET) refers to stm32f4xx_it.o(i.TIM4_IRQHandler) for TIM4_IRQHandler
    startup_stm32f407xx.o(RESET) refers to stm32f4xx_it.o(i.USART1_IRQHandler) for USART1_IRQHandler
    startup_stm32f407xx.o(RESET) refers to stm32f4xx_it.o(i.USART2_IRQHandler) for USART2_IRQHandler
    startup_stm32f407xx.o(RESET) refers to stm32f4xx_it.o(i.USART3_IRQHandler) for USART3_IRQHandler
    startup_stm32f407xx.o(RESET) refers to stm32f4xx_it.o(i.TIM8_CC_IRQHandler) for TIM8_CC_IRQHandler
    startup_stm32f407xx.o(RESET) refers to stm32f4xx_it.o(i.TIM5_IRQHandler) for TIM5_IRQHandler
    startup_stm32f407xx.o(RESET) refers to stm32f4xx_it.o(i.UART5_IRQHandler) for UART5_IRQHandler
    startup_stm32f407xx.o(RESET) refers to stm32f4xx_it.o(i.TIM7_IRQHandler) for TIM7_IRQHandler
    startup_stm32f407xx.o(.text) refers (Special) to heapauxi.o(.text) for __use_two_region_memory
    startup_stm32f407xx.o(.text) refers to system_stm32f4xx.o(i.SystemInit) for SystemInit
    startup_stm32f407xx.o(.text) refers to __main.o(!!!main) for __main
    startup_stm32f407xx.o(.text) refers to startup_stm32f407xx.o(HEAP) for Heap_Mem
    startup_stm32f407xx.o(.text) refers to startup_stm32f407xx.o(STACK) for Stack_Mem
    main.o(i.SystemClock_Config) refers to rt_memclr_w.o(.text) for __aeabi_memclr4
    main.o(i.SystemClock_Config) refers to stm32f4xx_hal_rcc.o(i.HAL_RCC_OscConfig) for HAL_RCC_OscConfig
    main.o(i.SystemClock_Config) refers to stm32f4xx_hal_rcc.o(i.HAL_RCC_ClockConfig) for HAL_RCC_ClockConfig
    main.o(i.main) refers to stm32f4xx_hal.o(i.HAL_Init) for HAL_Init
    main.o(i.main) refers to main.o(i.SystemClock_Config) for SystemClock_Config
    main.o(i.main) refers to gpio.o(i.MX_GPIO_Init) for MX_GPIO_Init
    main.o(i.main) refers to adc.o(i.MX_ADC1_Init) for MX_ADC1_Init
    main.o(i.main) refers to usart.o(i.MX_USART1_UART_Init) for MX_USART1_UART_Init
    main.o(i.main) refers to can.o(i.MX_CAN1_Init) for MX_CAN1_Init
    main.o(i.main) refers to tim.o(i.MX_TIM1_Init) for MX_TIM1_Init
    main.o(i.main) refers to tim.o(i.MX_TIM2_Init) for MX_TIM2_Init
    main.o(i.main) refers to tim.o(i.MX_TIM3_Init) for MX_TIM3_Init
    main.o(i.main) refers to tim.o(i.MX_TIM4_Init) for MX_TIM4_Init
    main.o(i.main) refers to tim.o(i.MX_TIM5_Init) for MX_TIM5_Init
    main.o(i.main) refers to tim.o(i.MX_TIM8_Init) for MX_TIM8_Init
    main.o(i.main) refers to tim.o(i.MX_TIM9_Init) for MX_TIM9_Init
    main.o(i.main) refers to tim.o(i.MX_TIM10_Init) for MX_TIM10_Init
    main.o(i.main) refers to tim.o(i.MX_TIM11_Init) for MX_TIM11_Init
    main.o(i.main) refers to tim.o(i.MX_TIM12_Init) for MX_TIM12_Init
    main.o(i.main) refers to usart.o(i.MX_UART5_Init) for MX_UART5_Init
    main.o(i.main) refers to usart.o(i.MX_USART2_UART_Init) for MX_USART2_UART_Init
    main.o(i.main) refers to usart.o(i.MX_USART3_UART_Init) for MX_USART3_UART_Init
    main.o(i.main) refers to delay.o(i.delay_init) for delay_init
    main.o(i.main) refers to mpu6050.o(i.MPU6050_initialize) for MPU6050_initialize
    main.o(i.main) refers to oled.o(i.OLED_Init) for OLED_Init
[...]
    CAN2_RX1_IRQHandler                      0x0800028b   Thumb Code     0  startup_stm32f407xx.o(.text)
    CAN2_SCE_IRQHandler                      0x0800028b   Thumb Code     0  startup_stm32f407xx.o(.text)
    CAN2_TX_IRQHandler                       0x0800028b   Thumb Code     0  startup_stm32f407xx.o(.text)
    DCMI_IRQHandler                          0x0800028b   Thumb Code     0  startup_stm32f407xx.o(.text)
    DMA1_Stream0_IRQHandler                  0x0800028b   Thumb Code     0  startup_stm32f407xx.o(.text)
    DMA1_Stream1_IRQHandler                  0x0800028b   Thumb Code     0  startup_stm32f407xx.o(.text)
    DMA1_Stream2_IRQHandler                  0x0800028b   Thumb Code     0  startup_stm32f407xx.o(.text)
    DMA1_Stream3_IRQHandler                  0x0800028b   Thumb Code     0  startup_stm32f407xx.o(.text)
    DMA1_Stream4_IRQHandler                  0x0800028b   Thumb Code     0  startup_stm32f407xx.o(.text)
    DMA1_Stream5_IRQHandler                  0x0800028b   Thumb Code     0  startup_stm32f407xx.o(.text)
    DMA1_Stream6_IRQHandler                  0x0800028b   Thumb Code     0  startup_stm32f407xx.o(.text)
    DMA1_Stream7_IRQHandler                  0x0800028b   Thumb Code     0  startup_stm32f407xx.o(.text)
    DMA2_Stream0_IRQHandler                  0x0800028b   Thumb Code     0  startup_stm32f407xx.o(.text)
    DMA2_Stream1_IRQHandler                  0x0800028b   Thumb Code     0  startup_stm32f407xx.o(.text)
    DMA2_Stream2_IRQHandler                  0x0800028b   Thumb Code     0  startup_stm32f407xx.o(.text)
    DMA2_Stream3_IRQHandler                  0x0800028b   Thumb Code     0  startup_stm32f407xx.o(.text)
    DMA2_Stream4_IRQHandler                  0x0800028b   Thumb Code     0  startup_stm32f407xx.o(.text)
    DMA2_Stream5_IRQHandler                  0x0800028b   Thumb Code     0  startup_stm32f407xx.o(.text)
    DMA2_Stream6_IRQHandler                  0x0800028b   Thumb Code     0  startup_stm32f407xx.o(.text)
    DMA2_Stream7_IRQHandler                  0x0800028b   Thumb Code     0  startup_stm32f407xx.o(.text)
    ETH_IRQHandler                           0x0800028b   Thumb Code     0  startup_stm32f407xx.o(.text)
    ETH_WKUP_IRQHandler                      0x0800028b   Thumb Code     0  startup_stm32f407xx.o(.text)
    EXTI0_IRQHandler                         0x0800028b   Thumb Code     0  startup_stm32f407xx.o(.text)
    EXTI15_10_IRQHandler                     0x0800028b   Thumb Code     0  startup_stm32f407xx.o(.text)
    EXTI1_IRQHandler                         0x0800028b   Thumb Code     0  startup_stm32f407xx.o(.text)
    EXTI2_IRQHandler                         0x0800028b   Thumb Code     0  startup_stm32f407xx.o(.text)
    EXTI3_IRQHandler                         0x0800028b   Thumb Code     0  startup_stm32f407xx.o(.text)
    EXTI4_IRQHandler                         0x0800028b   Thumb Code     0  startup_stm32f407xx.o(.text)
    EXTI9_5_IRQHandler                       0x0800028b   Thumb Code     0  startup_stm32f407xx.o(.text)
    FLASH_IRQHandler                         0x0800028b   Thumb Code     0  startup_stm32f407xx.o(.text)
    FMC_IRQHandler                           0x0800028b   Thumb Code     0  startup_stm32f407xx.o(.text)
    FPU_IRQHandler                           0x0800028b   Thumb Code     0  startup_stm32f407xx.o(.text)
    HASH_RNG_IRQHandler                      0x0800028b   Thumb Code     0  startup_stm32f407xx.o(.text)
    I2C1_ER_IRQHandler                       0x0800028b   Thumb Code     0  startup_stm32f407xx.o(.text)
    I2C1_EV_IRQHandler                       0x0800028b   Thumb Code     0  startup_stm32f407xx.o(.text)
    I2C2_ER_IRQHandler                       0x0800028b   Thumb Code     0  startup_stm32f407xx.o(.text)
    I2C2_EV_IRQHandler                       0x0800028b   Thumb Code     0  startup_stm32f407xx.o(.text)
    I2C3_ER_IRQHandler                       0x0800028b   Thumb Code     0  startup_stm32f407xx.o(.text)
    I2C3_EV_IRQHandler                       0x0800028b   Thumb Code     0  startup_stm32f407xx.o(.text)
    OTG_FS_IRQHandler                        0x0800028b   Thumb Code     0  startup_stm32f407xx.o(.text)
    OTG_FS_WKUP_IRQHandler                   0x0800028b   Thumb Code     0  startup_stm32f407xx.o(.text)
    OTG_HS_EP1_IN_IRQHandler                 0x0800028b   Thumb Code     0  startup_stm32f407xx.o(.text)
    OTG_HS_EP1_OUT_IRQHandler                0x0800028b   Thumb Code     0  startup_stm32f407xx.o(.text)
    OTG_HS_IRQHandler                        0x0800028b   Thumb Code     0  startup_stm32f407xx.o(.text)
    OTG_HS_WKUP_IRQHandler                   0x0800028b   Thumb Code     0  startup_stm32f407xx.o(.text)
    PVD_IRQHandler                           0x0800028b   Thumb Code     0  startup_stm32f407xx.o(.text)
    RCC_IRQHandler                           0x0800028b   Thumb Code     0  startup_stm32f407xx.o(.text)
    RTC_Alarm_IRQHandler                     0x0800028b   Thumb Code     0  startup_stm32f407xx.o(.text)
    RTC_WKUP_IRQHandler                      0x0800028b   Thumb Code     0  startup_stm32f407xx.o(.text)
    SDIO_IRQHandler                          0x0800028b   Thumb Code     0  startup_stm32f407xx.o(.text)
    SPI1_IRQHandler                          0x0800028b   Thumb Code     0  startup_stm32f407xx.o(.text)
    SPI2_IRQHandler                          0x0800028b   Thumb Code     0  startup_stm32f407xx.o(.text)
    SPI3_IRQHandler                          0x0800028b   Thumb Code     0  startup_stm32f407xx.o(.text)
    TAMP_STAMP_IRQHandler                    0x0800028b   Thumb Code     0  startup_stm32f407xx.o(.text)
    TIM1_BRK_TIM9_IRQHandler                 0x0800028b   Thumb Code     0  startup_stm32f407xx.o(.text)
    TIM1_CC_IRQHandler                       0x0800028b   Thumb Code     0  startup_stm32f407xx.o(.text)
    TIM1_TRG_COM_TIM11_IRQHandler            0x0800028b   Thumb Code     0  startup_stm32f407xx.o(.text)
    TIM1_UP_TIM10_IRQHandler                 0x0800028b   Thumb Code     0  startup_stm32f407xx.o(.text)
    TIM6_DAC_IRQHandler                      0x0800028b   Thumb Code     0  startup_stm32f407xx.o(.text)
    TIM8_BRK_TIM12_IRQHandler                0x0800028b   Thumb Code     0  startup_stm32f407xx.o(.text)
    TIM8_TRG_COM_TIM14_IRQHandler            0x0800028b   Thumb Code     0  startup_stm32f407xx.o(.text)
    TIM8_UP_TIM13_IRQHandler                 0x0800028b   Thumb Code     0  startup_stm32f407xx.o(.text)
    UART4_IRQHandler                         0x0800028b   Thumb Code     0  startup_stm32f407xx.o(.text)
    USART6_IRQHandler                        0x0800028b   Thumb Code     0  startup_stm32f407xx.o(.text)
    WWDG_IRQHandler                          0x0800028b   Thumb Code     0  startup_stm32f407xx.o(.text)
    __user_initial_stackheap                 0x0800028d   Thumb Code     0  startup_stm32f407xx.o(.text)
    __aeabi_uldivmod                         0x080002b1   Thumb Code     0  lludivv7m.o(.text)
    _ll_udiv                                 0x080002b1   Thumb Code   238  lludivv7m.o(.text)
    __2printf                                0x080003a1   Thumb Code    20  noretval__2printf.o(.text)
    __printf                                 0x080003b9   Thumb Code   104  __printf.o(.text)
    _printf_int_dec                          0x08000421   Thumb Code   100  _printf_dec.o(.text)
    __aeabi_memclr4                          0x08000495   Thumb Code     0  rt_memclr_w.o(.text)
    __aeabi_memclr8                          0x08000495   Thumb Code     0  rt_memclr_w.o(.text)
    __rt_memclr_w                            0x08000495   Thumb Code    78  rt_memclr_w.o(.text)
    _memset_w                                0x08000499   Thumb Code     0  rt_memclr_w.o(.text)
    __use_two_region_memory                  0x080004e3   Thumb Code     2  heapauxi.o(.text)
    __rt_heap_escrow$2region                 0x080004e5   Thumb Code     2  heapauxi.o(.text)
    __rt_heap_expand$2region                 0x080004e7   Thumb Code     2  heapauxi.o(.text)
    __read_errno                             0x080004e9   Thumb Code    10  _rserrno.o(.text)
    __set_errno                              0x080004f3   Thumb Code    12  _rserrno.o(.text)
    _printf_int_common                       0x080004ff   Thumb Code   178  _printf_intcommon.o(.text)
    _printf_char_file                        0x080005b1   Thumb Code    32  _printf_char_file.o(.text)
    __aeabi_errno_addr                       0x080005d5   Thumb Code     8  rt_errno_addr_intlibspace.o(.text)
    __errno$intlibspace                      0x080005d5   Thumb Code     0  rt_errno_addr_intlibspace.o(.text)
    __rt_errno_addr$intlibspace              0x080005d5   Thumb Code     0  rt_errno_addr_intlibspace.o(.text)
    _printf_char_common                      0x080005e7   Thumb Code    32  _printf_char_common.o(.text)
    ferror                                   0x0800060d   Thumb Code     8  ferror.o(.text)
    __user_libspace                          0x08000615   Thumb Code     8  libspace.o(.text)
    __user_perproc_libspace                  0x08000615   Thumb Code     0  libspace.o(.text)
    __user_perthread_libspace                0x08000615   Thumb Code     0  libspace.o(.text)
    __user_setup_stackheap                   0x0800061d   Thumb Code    74  sys_stackheap_outer.o(.text)
    exit                                     0x08000667   Thumb Code    12  exit.o(.text)
    APP_Show                                 0x0800079d   Thumb Code   214  show.o(i.APP_Show)
    BusFault_Handler                         0x080008d5   Thumb Code     2  stm32f4xx_it.o(i.BusFault_Handler)
    CAN1_RX0_IRQHandler                      0x080008d9   Thumb Code     6  stm32f4xx_it.o(i.CAN1_RX0_IRQHandler)
    CAN1_Send_Num                            0x080008e5   Thumb Code    54  can.o(i.CAN1_Send_Num)
    CAN1_Tx_Msg                              0x0800091d   Thumb Code   166  can.o(i.CAN1_Tx_Msg)
    CAN1_Tx_Staus                            0x080009cd   Thumb Code    94  can.o(i.CAN1_Tx_Staus)
    CAN_SEND                                 0x08000a31   Thumb Code    84  usartx.o(i.CAN_SEND)
    Check_Sum                                0x08000a89   Thumb Code    54  usartx.o(i.Check_Sum)
    DebugMon_Handler                         0x08000ac5   Thumb Code     2  stm32f4xx_it.o(i.DebugMon_Handler)
    Drive_Motor                              0x08000ac9   Thumb Code  1238  balance.o(i.Drive_Motor)
    Error_Handler                            0x08000f9f   Thumb Code     4  main.o(i.Error_Handler)
    Get_Adc                                  0x08000fa5   Thumb Code    58  adc.o(i.Get_Adc)
    Get_RC                                   0x08000fe5   Thumb Code   398  balance.o(i.Get_RC)
    Get_Velocity_Form_Encoder                0x080011a9   Thumb Code   236  balance.o(i.Get_Velocity_Form_Encoder)
    Get_adc_Average                          0x080012b9   Thumb Code    46  adc.o(i.Get_adc_Average)
    Get_battery_volt                         0x080012e9   Thumb Code    70  adc.o(i.Get_battery_volt)
    HAL_ADC_ConfigChannel                    0x08001351   Thumb Code   316  stm32f4xx_hal_adc.o(i.HAL_ADC_ConfigChannel)
    HAL_ADC_GetState                         0x0800149d   Thumb Code     4  stm32f4xx_hal_adc.o(i.HAL_ADC_GetState)
    HAL_ADC_GetValue                         0x080014a1   Thumb Code     6  stm32f4xx_hal_adc.o(i.HAL_ADC_GetValue)
    HAL_ADC_Init                             0x080014a7   Thumb Code    84  stm32f4xx_hal_adc.o(i.HAL_ADC_Init)
    HAL_ADC_MspInit                          0x080014fd   Thumb Code    82  adc.o(i.HAL_ADC_MspInit)
    HAL_ADC_PollForConversion                0x0800155d   Thumb Code   170  stm32f4xx_hal_adc.o(i.HAL_ADC_PollForConversion)
    HAL_ADC_Start                            0x08001609   Thumb Code   228  stm32f4xx_hal_adc.o(i.HAL_ADC_Start)
    HAL_CAN_ErrorCallback                    0x08001705   Thumb Code     2  stm32f4xx_hal_can.o(i.HAL_CAN_ErrorCallback)
    HAL_CAN_IRQHandler                       0x08001707   Thumb Code   508  stm32f4xx_hal_can.o(i.HAL_CAN_IRQHandler)
    HAL_CAN_Init                             0x08001903   Thumb Code   282  stm32f4xx_hal_can.o(i.HAL_CAN_Init)
    HAL_CAN_MspInit                          0x08001a1d   Thumb Code   136  can.o(i.HAL_CAN_MspInit)
    HAL_CAN_RxFifo0FullCallback              0x08001ab5   Thumb Code     2  stm32f4xx_hal_can.o(i.HAL_CAN_RxFifo0FullCallback)
    HAL_CAN_RxFifo0MsgPendingCallback        0x08001ab7   Thumb Code     2  stm32f4xx_hal_can.o(i.HAL_CAN_RxFifo0MsgPendingCallback)
    HAL_CAN_RxFifo1FullCallback              0x08001ab9   Thumb Code     2  stm32f4xx_hal_can.o(i.HAL_CAN_RxFifo1FullCallback)
    HAL_CAN_RxFifo1MsgPendingCallback        0x08001abb   Thumb Code     2  stm32f4xx_hal_can.o(i.HAL_CAN_RxFifo1MsgPendingCallback)
    HAL_CAN_SleepCallback                    0x08001abd   Thumb Code     2  stm32f4xx_hal_can.o(i.HAL_CAN_SleepCallback)
    HAL_CAN_TxMailbox0AbortCallback          0x08001abf   Thumb Code     2  stm32f4xx_hal_can.o(i.HAL_CAN_TxMailbox0AbortCallback)
    HAL_CAN_TxMailbox0CompleteCallback       0x08001ac1   Thumb Code     2  stm32f4xx_hal_can.o(i.HAL_CAN_TxMailbox0CompleteCallback)
    HAL_CAN_TxMailbox1AbortCallback          0x08001ac3   Thumb Code     2  stm32f4xx_hal_can.o(i.HAL_CAN_TxMailbox1AbortCallback)
    HAL_CAN_TxMailbox1CompleteCallback       0x08001ac5   Thumb Code     2  stm32f4xx_hal_can.o(i.HAL_CAN_TxMailbox1CompleteCallback)
    HAL_CAN_TxMailbox2AbortCallback          0x08001ac7   Thumb Code     2  stm32f4xx_hal_can.o(i.HAL_CAN_TxMailbox2AbortCallback)
    HAL_CAN_TxMailbox2CompleteCallback       0x08001ac9   Thumb Code     2  stm32f4xx_hal_can.o(i.HAL_CAN_TxMailbox2CompleteCallback)
    HAL_CAN_WakeUpFromRxMsgCallback          0x08001acb   Thumb Code     2  stm32f4xx_hal_can.o(i.HAL_CAN_WakeUpFromRxMsgCallback)
    HAL_DMA_Abort                            0x08001acd   Thumb Code   146  stm32f4xx_hal_dma.o(i.HAL_DMA_Abort)
    HAL_DMA_Abort_IT                         0x08001b5f   Thumb Code    36  stm32f4xx_hal_dma.o(i.HAL_DMA_Abort_IT)
    HAL_GPIO_Init                            0x08001b85   Thumb Code   450  stm32f4xx_hal_gpio.o(i.HAL_GPIO_Init)
    HAL_GPIO_WritePin                        0x08001d75   Thumb Code    10  stm32f4xx_hal_gpio.o(i.HAL_GPIO_WritePin)
    HAL_GetTick                              0x08001d81   Thumb Code     6  stm32f4xx_hal.o(i.HAL_GetTick)
    HAL_IncTick                              0x08001d8d   Thumb Code    12  stm32f4xx_hal.o(i.HAL_IncTick)
    HAL_Init                                 0x08001d9d   Thumb Code    48  stm32f4xx_hal.o(i.HAL_Init)
    HAL_InitTick                             0x08001dd1   Thumb Code    54  stm32f4xx_hal.o(i.HAL_InitTick)
    HAL_MspInit                              0x08001e11   Thumb Code    48  stm32f4xx_hal_msp.o(i.HAL_MspInit)
    HAL_NVIC_EnableIRQ                       0x08001e45   Thumb Code    26  stm32f4xx_hal_cortex.o(i.HAL_NVIC_EnableIRQ)
    HAL_NVIC_SetPriority                     0x08001e61   Thumb Code    60  stm32f4xx_hal_cortex.o(i.HAL_NVIC_SetPriority)
    HAL_NVIC_SetPriorityGrouping             0x08001ea1   Thumb Code    26  stm32f4xx_hal_cortex.o(i.HAL_NVIC_SetPriorityGrouping)
    HAL_RCC_ClockConfig                      0x08001ec5   Thumb Code   288  stm32f4xx_hal_rcc.o(i.HAL_RCC_ClockConfig)
    HAL_RCC_GetPCLK1Freq                     0x08001ff9   Thumb Code    20  stm32f4xx_hal_rcc.o(i.HAL_RCC_GetPCLK1Freq)
    HAL_RCC_GetPCLK2Freq                     0x08002019   Thumb Code    20  stm32f4xx_hal_rcc.o(i.HAL_RCC_GetPCLK2Freq)
    HAL_RCC_GetSysClockFreq                  0x08002039   Thumb Code    88  stm32f4xx_hal_rcc.o(i.HAL_RCC_GetSysClockFreq)
    HAL_RCC_OscConfig                        0x08002099   Thumb Code   856  stm32f4xx_hal_rcc.o(i.HAL_RCC_OscConfig)
    HAL_SYSTICK_Config                       0x08002405   Thumb Code    40  stm32f4xx_hal_cortex.o(i.HAL_SYSTICK_Config)
    HAL_TIMEx_BreakCallback                  0x0800242d   Thumb Code     2  stm32f4xx_hal_tim_ex.o(i.HAL_TIMEx_BreakCallback)
    HAL_TIMEx_CommutCallback                 0x0800242f   Thumb Code     2  stm32f4xx_hal_tim_ex.o(i.HAL_TIMEx_CommutCallback)
    HAL_TIMEx_ConfigBreakDeadTime            0x08002431   Thumb Code    84  stm32f4xx_hal_tim_ex.o(i.HAL_TIMEx_ConfigBreakDeadTime)
    HAL_TIMEx_MasterConfigSynchronization    0x08002485   Thumb Code   116  stm32f4xx_hal_tim_ex.o(i.HAL_TIMEx_MasterConfigSynchronization)
    HAL_TIM_Base_Init                        0x08002515   Thumb Code    90  stm32f4xx_hal_tim.o(i.HAL_TIM_Base_Init)
    HAL_TIM_Base_MspInit                     0x08002571   Thumb Code    98  tim.o(i.HAL_TIM_Base_MspInit)
    HAL_TIM_Base_Start_IT                    0x080025e5   Thumb Code   100  stm32f4xx_hal_tim.o(i.HAL_TIM_Base_Start_IT)
    HAL_TIM_Encoder_Init                     0x08002665   Thumb Code   164  stm32f4xx_hal_tim.o(i.HAL_TIM_Encoder_Init)
    HAL_TIM_Encoder_MspInit                  0x08002709   Thumb Code   370  tim.o(i.HAL_TIM_Encoder_MspInit)
    HAL_TIM_Encoder_Start                    0x08002895   Thumb Code   142  stm32f4xx_hal_tim.o(i.HAL_TIM_Encoder_Start)
    HAL_TIM_IC_CaptureCallback               0x08002923   Thumb Code     2  stm32f4xx_hal_tim.o(i.HAL_TIM_IC_CaptureCallback)
    HAL_TIM_IC_ConfigChannel                 0x08002925   Thumb Code   286  stm32f4xx_hal_tim.o(i.HAL_TIM_IC_ConfigChannel)
    HAL_TIM_IC_Init                          0x08002a43   Thumb Code    90  stm32f4xx_hal_tim.o(i.HAL_TIM_IC_Init)
    HAL_TIM_IC_MspInit                       0x08002a9d   Thumb Code   108  tim.o(i.HAL_TIM_IC_MspInit)
    HAL_TIM_IRQHandler                       0x08002b15   Thumb Code   358  stm32f4xx_hal_tim.o(i.HAL_TIM_IRQHandler)
    HAL_TIM_MspPostInit                      0x08002c7d   Thumb Code   202  tim.o(i.HAL_TIM_MspPostInit)
    HAL_TIM_OC_DelayElapsedCallback          0x08002d69   Thumb Code     2  stm32f4xx_hal_tim.o(i.HAL_TIM_OC_DelayElapsedCallback)
    HAL_TIM_PWM_ConfigChannel                0x08002d6b   Thumb Code   204  stm32f4xx_hal_tim.o(i.HAL_TIM_PWM_ConfigChannel)
    HAL_TIM_PWM_Init                         0x08002e37   Thumb Code    90  stm32f4xx_hal_tim.o(i.HAL_TIM_PWM_Init)
    HAL_TIM_PWM_MspInit                      0x08002e91   Thumb Code    78  tim.o(i.HAL_TIM_PWM_MspInit)
    HAL_TIM_PWM_PulseFinishedCallback        0x08002ef1   Thumb Code     2  stm32f4xx_hal_tim.o(i.HAL_TIM_PWM_PulseFinishedCallback)
    HAL_TIM_PWM_Start                        0x08002ef5   Thumb Code   172  stm32f4xx_hal_tim.o(i.HAL_TIM_PWM_Start)
    HAL_TIM_PeriodElapsedCallback            0x08002fbd   Thumb Code   422  balance.o(i.HAL_TIM_PeriodElapsedCallback)
    HAL_TIM_TriggerCallback                  0x080031a9   Thumb Code     2  stm32f4xx_hal_tim.o(i.HAL_TIM_TriggerCallback)
    HAL_UARTEx_RxEventCallback               0x080031ab   Thumb Code     2  stm32f4xx_hal_uart.o(i.HAL_UARTEx_RxEventCallback)
    HAL_UART_ErrorCallback                   0x080031ad   Thumb Code     2  stm32f4xx_hal_uart.o(i.HAL_UART_ErrorCallback)
    HAL_UART_IRQHandler                      0x080031b1   Thumb Code   610  stm32f4xx_hal_uart.o(i.HAL_UART_IRQHandler)
    HAL_UART_Init                            0x08003419   Thumb Code    98  stm32f4xx_hal_uart.o(i.HAL_UART_Init)
    HAL_UART_MspInit                         0x0800347d   Thumb Code   380  usart.o(i.HAL_UART_MspInit)
    HAL_UART_Receive_IT                      0x08003619   Thumb Code    42  stm32f4xx_hal_uart.o(i.HAL_UART_Receive_IT)
    HAL_UART_RxCpltCallback                  0x08003645   Thumb Code   474  usartx.o(i.HAL_UART_RxCpltCallback)
    HAL_UART_TxCpltCallback                  0x08003879   Thumb Code     2  stm32f4xx_hal_uart.o(i.HAL_UART_TxCpltCallback)
    HardFault_Handler                        0x0800387b   Thumb Code     2  stm32f4xx_it.o(i.HardFault_Handler)
    I2C_Ack                                  0x0800387d   Thumb Code    54  i2c.o(i.I2C_Ack)
    I2C_NAck                                 0x080038bd   Thumb Code    56  i2c.o(i.I2C_NAck)
    I2C_ReadByte                             0x080038fd   Thumb Code   102  i2c.o(i.I2C_ReadByte)
    I2C_ReadOneByte                          0x0800396d   Thumb Code    62  i2c.o(i.I2C_ReadOneByte)
    I2C_Start                                0x080039ad   Thumb Code    70  i2c.o(i.I2C_Start)
    I2C_Stop                                 0x080039fd   Thumb Code    56  i2c.o(i.I2C_Stop)
    I2C_WaiteForAck                          0x08003a3d   Thumb Code    76  i2c.o(i.I2C_WaiteForAck)
    I2C_WriteBits                            0x08003a91   Thumb Code    74  i2c.o(i.I2C_WriteBits)
    I2C_WriteByte                            0x08003add   Thumb Code    86  i2c.o(i.I2C_WriteByte)
    I2C_WriteOneByte                         0x08003b3d   Thumb Code    50  i2c.o(i.I2C_WriteOneByte)
    Incremental_PI_A                         0x08003b71   Thumb Code    96  balance.o(i.Incremental_PI_A)
    Incremental_PI_B                         0x08003bed   Thumb Code    96  balance.o(i.Incremental_PI_B)
    Incremental_PI_C                         0x08003c69   Thumb Code    96  balance.o(i.Incremental_PI_C)
    Incremental_PI_D                         0x08003ce5   Thumb Code    96  balance.o(i.Incremental_PI_D)
    Key                                      0x08003d61   Thumb Code    26  balance.o(i.Key)
    Led_Flash                                0x08003d85   Thumb Code    40  led.o(i.Led_Flash)
    Limit_Pwm                                0x08003db5   Thumb Code   126  balance.o(i.Limit_Pwm)
    MPU6050_Set_LPF                          0x08003e45   Thumb Code    50  mpu6050.o(i.MPU6050_Set_LPF)
    MPU6050_Set_Rate                         0x08003e77   Thumb Code    48  mpu6050.o(i.MPU6050_Set_Rate)
    MPU6050_initialize                       0x08003ea7   Thumb Code   132  mpu6050.o(i.MPU6050_initialize)
    MPU6050_setFullScaleAccelRange           0x08003f2b   Thumb Code    18  mpu6050.o(i.MPU6050_setFullScaleAccelRange)
    MPU6050_setFullScaleGyroRange            0x08003f3d   Thumb Code    18  mpu6050.o(i.MPU6050_setFullScaleGyroRange)
    MPU6050_task                             0x08003f4f   Thumb Code    14  mpu6050.o(i.MPU6050_task)
    MPU_Get_Accelscope                       0x08003f5d   Thumb Code    78  mpu6050.o(i.MPU_Get_Accelscope)
    MPU_Get_Gyroscope                        0x08003fb1   Thumb Code    78  mpu6050.o(i.MPU_Get_Gyroscope)
    MX_ADC1_Init                             0x08004005   Thumb Code    92  adc.o(i.MX_ADC1_Init)
    MX_CAN1_Init                             0x0800406d   Thumb Code    62  can.o(i.MX_CAN1_Init)
    MX_GPIO_Init                             0x080040b5   Thumb Code   300  gpio.o(i.MX_GPIO_Init)
    MX_TIM10_Init                            0x080041f5   Thumb Code   100  tim.o(i.MX_TIM10_Init)
    MX_TIM11_Init                            0x08004261   Thumb Code   100  tim.o(i.MX_TIM11_Init)
    MX_TIM12_Init                            0x080042cd   Thumb Code   128  tim.o(i.MX_TIM12_Init)
    MX_TIM1_Init                             0x08004355   Thumb Code   230  tim.o(i.MX_TIM1_Init)
    MX_TIM2_Init                             0x08004445   Thumb Code   114  tim.o(i.MX_TIM2_Init)
    MX_TIM3_Init                             0x080044bd   Thumb Code   112  tim.o(i.MX_TIM3_Init)
    MX_TIM4_Init                             0x08004535   Thumb Code   112  tim.o(i.MX_TIM4_Init)
    MX_TIM5_Init                             0x080045ad   Thumb Code   112  tim.o(i.MX_TIM5_Init)
    MX_TIM7_Init                             0x08004625   Thumb Code    60  tim.o(i.MX_TIM7_Init)
    MX_TIM8_Init                             0x08004669   Thumb Code   172  tim.o(i.MX_TIM8_Init)
    MX_TIM9_Init                             0x0800471d   Thumb Code   112  tim.o(i.MX_TIM9_Init)
    MX_UART5_Init                            0x08004795   Thumb Code    54  usart.o(i.MX_UART5_Init)
    MX_USART1_UART_Init                      0x080047d9   Thumb Code    54  usart.o(i.MX_USART1_UART_Init)
    MX_USART2_UART_Init                      0x0800481d   Thumb Code    54  usart.o(i.MX_USART2_UART_Init)
    MX_USART3_UART_Init                      0x08004861   Thumb Code    54  usart.o(i.MX_USART3_UART_Init)
    MemManage_Handler                        0x080048a5   Thumb Code     2  stm32f4xx_it.o(i.MemManage_Handler)
    NMI_Handler                              0x080048a7   Thumb Code     2  stm32f4xx_it.o(i.NMI_Handler)
    OLED_Clear                               0x080048a9   Thumb Code    40  oled.o(i.OLED_Clear)
    OLED_DrawPoint                           0x080048d5   Thumb Code    54  oled.o(i.OLED_DrawPoint)
    OLED_Init                                0x08004911   Thumb Code   232  oled.o(i.OLED_Init)
    OLED_Refresh_Gram                        0x080049fd   Thumb Code    70  oled.o(i.OLED_Refresh_Gram)
    OLED_ShowChar                            0x08004a49   Thumb Code   134  oled.o(i.OLED_ShowChar)
    OLED_ShowNumber                          0x08004ad9   Thumb Code   120  oled.o(i.OLED_ShowNumber)
    OLED_ShowString                          0x08004b51   Thumb Code    62  oled.o(i.OLED_ShowString)
    OLED_WR_Byte                             0x08004b91   Thumb Code    64  oled.o(i.OLED_WR_Byte)
    PS2_ClearData                            0x08004bd5   Thumb Code    18  pstwo.o(i.PS2_ClearData)
    PS2_Cmd                                  0x08004bed   Thumb Code   126  pstwo.o(i.PS2_Cmd)
    PS2_DataKey                              0x08004c75   Thumb Code    56  pstwo.o(i.PS2_DataKey)
    PS2_EnterConfing                         0x08004cb5   Thumb Code    88  pstwo.o(i.PS2_EnterConfing)
    PS2_ExitConfing                          0x08004d11   Thumb Code    88  pstwo.o(i.PS2_ExitConfing)
    PS2_Read                                 0x08004d6d   Thumb Code   158  pstwo.o(i.PS2_Read)
    PS2_ReadData                             0x08004e45   Thumb Code   164  pstwo.o(i.PS2_ReadData)
    PS2_SetInit                              0x08004ef5   Thumb Code    30  pstwo.o(i.PS2_SetInit)
    PS2_ShortPoll                            0x08004f15   Thumb Code    64  pstwo.o(i.PS2_ShortPoll)
    PS2_TurnOnAnalogMode                     0x08004f59   Thumb Code    82  pstwo.o(i.PS2_TurnOnAnalogMode)
    PS2_control                              0x08004fb1   Thumb Code   344  balance.o(i.PS2_control)
    PendSV_Handler                           0x0800514d   Thumb Code     2  stm32f4xx_it.o(i.PendSV_Handler)
    Read_Encoder                             0x08005151   Thumb Code    52  encoder.o(i.Read_Encoder)
    Remote_Control                           0x08005191   Thumb Code   398  balance.o(i.Remote_Control)
    Robot_Init                               0x08005359   Thumb Code   124  robot_select_init.o(i.Robot_Init)
    Robot_Select                             0x080053f1   Thumb Code   250  robot_select_init.o(i.Robot_Select)
    SVC_Handler                              0x08005551   Thumb Code     2  stm32f4xx_it.o(i.SVC_Handler)
    Set_Pwm                                  0x08005555   Thumb Code    94  balance.o(i.Set_Pwm)
    Smooth_control                           0x080055c9   Thumb Code   300  balance.o(i.Smooth_control)
    SysTick_Handler                          0x08005701   Thumb Code     4  stm32f4xx_it.o(i.SysTick_Handler)
    SystemClock_Config                       0x08005705   Thumb Code   138  main.o(i.SystemClock_Config)
    SystemInit                               0x08005799   Thumb Code    12  system_stm32f4xx.o(i.SystemInit)
    TIM2_IRQHandler                          0x080057a9   Thumb Code     6  stm32f4xx_it.o(i.TIM2_IRQHandler)
    TIM3_IRQHandler                          0x080057b5   Thumb Code     6  stm32f4xx_it.o(i.TIM3_IRQHandler)
    TIM4_IRQHandler                          0x080057c1   Thumb Code     6  stm32f4xx_it.o(i.TIM4_IRQHandler)
    TIM5_IRQHandler                          0x080057cd   Thumb Code     6  stm32f4xx_it.o(i.TIM5_IRQHandler)
    TIM7_IRQHandler                          0x080057d9   Thumb Code     6  stm32f4xx_it.o(i.TIM7_IRQHandler)
    TIM8_CC_IRQHandler                       0x080057e5   Thumb Code     6  stm32f4xx_it.o(i.TIM8_CC_IRQHandler)
    TIM_Base_SetConfig                       0x080057f1   Thumb Code   156  stm32f4xx_hal_tim.o(i.TIM_Base_SetConfig)
    TIM_CCxChannelCmd                        0x080058b9   Thumb Code    26  stm32f4xx_hal_tim.o(i.TIM_CCxChannelCmd)
    TIM_OC2_SetConfig                        0x08005935   Thumb Code    98  stm32f4xx_hal_tim.o(i.TIM_OC2_SetConfig)
    TIM_TI1_SetConfig                        0x08005a59   Thumb Code   100  stm32f4xx_hal_tim.o(i.TIM_TI1_SetConfig)
    Turn_Off                                 0x08005b11   Thumb Code    54  balance.o(i.Turn_Off)
    UART5_IRQHandler                         0x08005b61   Thumb Code     6  stm32f4xx_it.o(i.UART5_IRQHandler)
    UART_Start_Receive_IT                    0x08005d69   Thumb Code    54  stm32f4xx_hal_uart.o(i.UART_Start_Receive_IT)
    USART1_IRQHandler                        0x08005da1   Thumb Code     6  stm32f4xx_it.o(i.USART1_IRQHandler)
    USART1_SEND                              0x08005dad   Thumb Code    22  usartx.o(i.USART1_SEND)
    USART2_IRQHandler                        0x08005dc9   Thumb Code     6  stm32f4xx_it.o(i.USART2_IRQHandler)
    USART3_IRQHandler                        0x08005dd5   Thumb Code     6  stm32f4xx_it.o(i.USART3_IRQHandler)
    USART3_SEND                              0x08005de1   Thumb Code    22  usartx.o(i.USART3_SEND)
    USART5_SEND                              0x08005dfd   Thumb Code    22  usartx.o(i.USART5_SEND)
    UsageFault_Handler                       0x08005e19   Thumb Code     2  stm32f4xx_it.o(i.UsageFault_Handler)
    __ARM_fpclassify                         0x08005e1b   Thumb Code    48  fpclassify.o(i.__ARM_fpclassify)
    __hardfp_pow                             0x08005e71   Thumb Code  3048  pow.o(i.__hardfp_pow)
    __hardfp_sqrt                            0x08006aa9   Thumb Code   122  sqrt.o(i.__hardfp_sqrt)
    __hardfp_tan                             0x08006b29   Thumb Code   142  tan.o(i.__hardfp_tan)
    __ieee754_rem_pio2                       0x08006bc9   Thumb Code   938  rred.o(i.__ieee754_rem_pio2)
    __kernel_poly                            0x08007001   Thumb Code   248  poly.o(i.__kernel_poly)
    __kernel_tan                             0x080070f9   Thumb Code   764  tan_i.o(i.__kernel_tan)
    __mathlib_dbl_underflow                  0x08007449   Thumb Code    24  dunder.o(i.__mathlib_dbl_underflow)
    _sys_exit                                0x08007469   Thumb Code     2  usart.o(i._sys_exit)
    click_N_Double_MPU6050                   0x0800746d   Thumb Code   134  key.o(i.click_N_Double_MPU6050)
    data_task                                0x080074fd   Thumb Code    30  usartx.o(i.data_task)
    data_transition                          0x08007521   Thumb Code   592  usartx.o(i.data_transition)
    delay_init                               0x080077c1   Thumb Code    26  delay.o(i.delay_init)
    delay_ms                                 0x080077e1   Thumb Code    46  delay.o(i.delay_ms)
    delay_us                                 0x08007815   Thumb Code    46  delay.o(i.delay_us)
    fabs                                     0x08007849   Thumb Code    24  fabs.o(i.fabs)
    float_abs                                0x08007861   Thumb Code    16  balance.o(i.float_abs)
    fputc                                    0x08007871   Thumb Code    36  usart.o(i.fputc)
    main                                     0x080078a1   Thumb Code   140  main.o(i.main)
    oled_pow                                 0x08007935   Thumb Code    16  oled.o(i.oled_pow)
    oled_show                                0x08007945   Thumb Code  2044  show.o(i.oled_show)
    show_task                                0x080081c9   Thumb Code    64  show.o(i.show_task)
    sqrt                                     0x08008215   Thumb Code   110  sqrt.o(i.sqrt)
    target_limit_float                       0x08008283   Thumb Code    32  balance.o(i.target_limit_float)
    target_limit_int                         0x080082a3   Thumb Code    16  balance.o(i.target_limit_int)
    usart1_send                              0x080082b5   Thumb Code    12  usartx.o(i.usart1_send)
    usart3_send                              0x080082c5   Thumb Code    14  usartx.o(i.usart3_send)
    usart5_send                              0x080082d9   Thumb Code    12  usartx.o(i.usart5_send)
    __aeabi_dneg                             0x080082e9   Thumb Code     0  basic.o(x$fpl$basic)
    _dneg                                    0x080082e9   Thumb Code     6  basic.o(x$fpl$basic)
    __aeabi_fneg                             0x080082ef   Thumb Code     0  basic.o(x$fpl$basic)
    _fneg                                    0x080082ef   Thumb Code     6  basic.o(x$fpl$basic)
    _dabs                                    0x080082f5   Thumb Code     6  basic.o(x$fpl$basic)
    _fabs                                    0x080082fb   Thumb Code     6  basic.o(x$fpl$basic)
    __aeabi_d2f                              0x08008301   Thumb Code     0  d2f.o(x$fpl$d2f)
    _d2f                                     0x08008301   Thumb Code    98  d2f.o(x$fpl$d2f)
    __aeabi_dadd                             0x08008365   Thumb Code     0  daddsub_clz.o(x$fpl$dadd)
    _dadd                                    0x08008365   Thumb Code   332  daddsub_clz.o(x$fpl$dadd)
    __fpl_dcheck_NaN1                        0x080084b5   Thumb Code    10  dcheck1.o(x$fpl$dcheck1)
    __fpl_dcmp_Inf                           0x080084c5   Thumb Code    24  dcmpi.o(x$fpl$dcmpinf)
    __aeabi_ddiv                             0x080084dd   Thumb Code     0  ddiv.o(x$fpl$ddiv)
    _ddiv                                    0x080084dd   Thumb Code   552  ddiv.o(x$fpl$ddiv)
    __aeabi_d2iz                             0x0800878d   Thumb Code     0  dfix.o(x$fpl$dfix)
    _dfix                                    0x0800878d   Thumb Code    94  dfix.o(x$fpl$dfix)
    __aeabi_i2d                              0x080087eb   Thumb Code     0  dflt_clz.o(x$fpl$dflt)
    _dflt                                    0x080087eb   Thumb Code    46  dflt_clz.o(x$fpl$dflt)
    __aeabi_ui2d                             0x08008819   Thumb Code     0  dflt_clz.o(x$fpl$dfltu)
    _dfltu                                   0x08008819   Thumb Code    38  dflt_clz.o(x$fpl$dfltu)
    __aeabi_cdcmple                          0x08008841   Thumb Code     0  dleqf.o(x$fpl$dleqf)
    _dcmple                                  0x08008841   Thumb Code   120  dleqf.o(x$fpl$dleqf)
    __fpl_dcmple_InfNaN                      0x080088a3   Thumb Code     0  dleqf.o(x$fpl$dleqf)
    __aeabi_dmul                             0x080088b9   Thumb Code     0  dmul.o(x$fpl$dmul)
    _dmul                                    0x080088b9   Thumb Code   332  dmul.o(x$fpl$dmul)
    __fpl_dnaninf                            0x08008a0d   Thumb Code   156  dnaninf.o(x$fpl$dnaninf)
    __fpl_dretinf                            0x08008aa9   Thumb Code    12  dretinf.o(x$fpl$dretinf)
    __aeabi_cdrcmple                         0x08008ab5   Thumb Code     0  drleqf.o(x$fpl$drleqf)
    _drcmple                                 0x08008ab5   Thumb Code   108  drleqf.o(x$fpl$drleqf)
    __aeabi_drsub                            0x08008b21   Thumb Code     0  daddsub_clz.o(x$fpl$drsb)
    _drsb                                    0x08008b21   Thumb Code    22  daddsub_clz.o(x$fpl$drsb)
    _dsqrt                                   0x08008b39   Thumb Code   404  dsqrt_umaal.o(x$fpl$dsqrt)
    __aeabi_dsub                             0x08008cd1   Thumb Code     0  daddsub_clz.o(x$fpl$dsub)
    _dsub                                    0x08008cd1   Thumb Code   464  daddsub_clz.o(x$fpl$dsub)
    __aeabi_f2d                              0x08008ea5   Thumb Code     0  f2d.o(x$fpl$f2d)
    _f2d                                     0x08008ea5   Thumb Code    86  f2d.o(x$fpl$f2d)
    __fpl_fnaninf                            0x08008efb   Thumb Code   140  fnaninf.o(x$fpl$fnaninf)
    _fp_init                                 0x08008f87   Thumb Code    10  fpinit.o(x$fpl$fpinit)
    __fplib_config_fpu_vfp                   0x08008f8f   Thumb Code     0  fpinit.o(x$fpl$fpinit)
    __fplib_config_pureend_doubles           0x08008f8f   Thumb Code     0  fpinit.o(x$fpl$fpinit)
    __fpl_fretinf                            0x08008f91   Thumb Code    10  fretinf.o(x$fpl$fretinf)
    __fpl_return_NaN                         0x08008f9b   Thumb Code   100  retnan.o(x$fpl$retnan)
    __ARM_scalbn                             0x08008fff   Thumb Code    92  scalbn.o(x$fpl$scalbn)
    __fpl_cmpreturn                          0x0800905b   Thumb Code    48  trapv.o(x$fpl$trapveneer)
    AHBPrescTable                            0x0800908a   Data          16  system_stm32f4xx.o(.constdata)
    __I$use$fp                               0x0800908a   Number         0  usenofp.o(x$fpl$usenofp)
    APBPrescTable                            0x0800909a   Data           8  system_stm32f4xx.o(.constdata)
    oled_asc2_1206                           0x080090a2   Data        1140  oled.o(.constdata)
    oled_asc2_1608                           0x08009516   Data        1520  oled.o(.constdata)
    Hzk16                                    0x08009b06   Data        2624  oled.o(.constdata)
    __mathlib_zero                           0x0800a5d0   Data           8  qnan.o(.constdata)
    Region$$Table$$Base                      0x0800a700   Number         0  anon$$obj.o(Region$$Table)
    Region$$Table$$Limit                     0x0800a720   Number         0  anon$$obj.o(Region$$Table)
    Voltage                                  0x20000000   Data           4  adc.o(.data)
    Voltage_All                              0x20000004   Data           4  adc.o(.data)
    Flag_Show                                0x20000008   Data           1  usart.o(.data)
    __stdout                                 0x2000000c   Data           4  usart.o(.data)
    uwTickFreq                               0x20000010   Data           1  stm32f4xx_hal.o(.data)
    uwTickPrio                               0x20000014   Data           4  stm32f4xx_hal.o(.data)
    uwTick                                   0x20000018   Data           4  stm32f4xx_hal.o(.data)
    SystemCoreClock                          0x2000001c   Data           4  system_stm32f4xx.o(.data)
    Comd                                     0x20000038   Data           2  pstwo.o(.data)
    Handkey                                  0x2000003a   Data           2  pstwo.o(.data)
    MASK                                     0x20000040   Data          32  pstwo.o(.data)
    Remoter_Ch1                              0x20000060   Data           4  timer.o(.data)
    Remoter_Ch2                              0x20000064   Data           4  timer.o(.data)
    Remoter_Ch3                              0x20000068   Data           4  timer.o(.data)
    Remoter_Ch4                              0x2000006c   Data           4  timer.o(.data)
    Usart2_Receive_buf                       0x20000074   Data           1  usartx.o(.data)
    data_sent_flag                           0x20000078   Data           4  usartx.o(.data)
    Usart1_Receive_buf                       0x20000080   Data           1  usartx.o(.data)
    Usart3_Receive_buf                       0x20000081   Data           1  usartx.o(.data)
    Uart5_Receive_buf                        0x20000082   Data           1  usartx.o(.data)
    robot_mode_check_flag                    0x20000088   Data           4  balance.o(.data)
    Voltage_Show                             0x200000c8   Data           4  show.o(.data)
    Flag_Stop                                0x200000cc   Data           1  system.o(.data)
    Car_Mode                                 0x200000cd   Data           1  system.o(.data)
    RC_Velocity                              0x200000d0   Data           4  system.o(.data)
    Velocity_KP                              0x200000d4   Data           4  system.o(.data)
    Velocity_KI                              0x200000d8   Data           4  system.o(.data)
    PS2_ON_Flag                              0x200000dc   Data           1  system.o(.data)
    APP_ON_Flag                              0x200000dd   Data           1  system.o(.data)
    Remote_ON_Flag                           0x200000de   Data           1  system.o(.data)
    CAN_ON_Flag                              0x200000df   Data           1  system.o(.data)
    Flag_Direction                           0x200000e0   Data           1  system.o(.data)
    Check                                    0x200000e4   Data           4  system.o(.data)
    CheckPhrase1                             0x200000e8   Data           4  system.o(.data)
    CheckPhrase2                             0x200000ec   Data           4  system.o(.data)
    Divisor_Mode                             0x200000f0   Data           4  system.o(.data)
    Servo                                    0x200000f4   Data           4  system.o(.data)
    Move_X                                   0x200000f8   Data           4  system.o(.data)
    Move_Y                                   0x200000fc   Data           4  system.o(.data)
    Move_Z                                   0x20000100   Data           4  system.o(.data)
    Encoder_precision                        0x20000104   Data           4  system.o(.data)
    Wheel_perimeter                          0x20000108   Data           4  system.o(.data)
    Wheel_spacing                            0x2000010c   Data           4  system.o(.data)
    Axle_spacing                             0x20000110   Data           4  system.o(.data)
    Omni_turn_radiaus                        0x20000114   Data           4  system.o(.data)
    Usart1_ON_Flag                           0x20000118   Data           1  system.o(.data)
    Usart5_ON_Flag                           0x20000119   Data           1  system.o(.data)
    Flag_Left                                0x2000011a   Data           1  system.o(.data)
    Flag_Right                               0x2000011b   Data           1  system.o(.data)
    Turn_Flag                                0x2000011c   Data           1  system.o(.data)
    PID_Send                                 0x2000011d   Data           1  system.o(.data)
    PS2_LX                                   0x20000120   Data           4  system.o(.data)
    PS2_LY                                   0x20000124   Data           4  system.o(.data)
    PS2_RX                                   0x20000128   Data           4  system.o(.data)
    PS2_RY                                   0x2000012c   Data           4  system.o(.data)
    PS2_KEY                                  0x20000130   Data           4  system.o(.data)
    gyro                                     0x20000138   Data           6  mpu6050.o(.data)
    accel                                    0x2000013e   Data           6  mpu6050.o(.data)
    Deviation_gyro                           0x20000144   Data           6  mpu6050.o(.data)
    Original_gyro                            0x2000014a   Data           6  mpu6050.o(.data)
    hadc1                                    0x20000150   Data          72  adc.o(.bss)
    hcan1                                    0x20000198   Data          40  can.o(.bss)
    htim1                                    0x200001c0   Data          72  tim.o(.bss)
    htim2                                    0x20000208   Data          72  tim.o(.bss)
    htim3                                    0x20000250   Data          72  tim.o(.bss)
    htim4                                    0x20000298   Data          72  tim.o(.bss)
    htim5                                    0x200002e0   Data          72  tim.o(.bss)
    htim7                                    0x20000328   Data          72  tim.o(.bss)
    htim8                                    0x20000370   Data          72  tim.o(.bss)
    htim9                                    0x200003b8   Data          72  tim.o(.bss)
    htim10                                   0x20000400   Data          72  tim.o(.bss)
    htim11                                   0x20000448   Data          72  tim.o(.bss)
    htim12                                   0x20000490   Data          72  tim.o(.bss)
    huart5                                   0x200004d8   Data          68  usart.o(.bss)
    huart1                                   0x2000051c   Data          68  usart.o(.bss)
    huart2                                   0x20000560   Data          68  usart.o(.bss)
    huart3                                   0x200005a4   Data          68  usart.o(.bss)
    OLED_GRAM                                0x200005e8   Data        1024  oled.o(.bss)
    Data                                     0x200009e8   Data           9  pstwo.o(.bss)
    Send_Data                                0x20000a26   Data          48  usartx.o(.bss)
    Receive_Data                             0x20000a58   Data          32  usartx.o(.bss)
    OriginalEncoder                          0x20000a78   Data          16  balance.o(.bss)
    Robot_Parament                           0x20000a88   Data          24  robot_select_init.o(.bss)
    smooth_control                           0x20000aa0   Data          12  system.o(.bss)
    MOTOR_A                                  0x20000aac   Data          20  system.o(.bss)
    MOTOR_B                                  0x20000ac0   Data          20  system.o(.bss)
    MOTOR_C                                  0x20000ad4   Data          20  system.o(.bss)
    MOTOR_D                                  0x20000ae8   Data          20  system.o(.bss)
    __libspace_start                         0x20000afc   Data          96  libspace.o(.bss)
    __temporary_stack_top$libspace           0x20000b5c   Data           0  libspace.o(.bss)



==============================================================================

Memory Map of the image

  Image Entry point : 0x08000189

  Load Region LR_IROM1 (Base: 0x08000000, Size: 0x0000a870, Max: 0x00080000, ABSOLUTE, COMPRESSED[0x0000a760])

    Execution Region ER_IROM1 (Base: 0x08000000, Size: 0x0000a720, Max: 0x00080000, ABSOLUTE)

    Base Addr    Size         Type   Attr      Idx    E Section Name        Object

    0x08000000   0x00000188   Data   RO            3    RESET               startup_stm32f407xx.o
    0x08000188   0x00000008   Code   RO         5547  * !!!main             c_w.l(__main.o)
    0x08000190   0x00000034   Code   RO         5860    !!!scatter          c_w.l(__scatter.o)
    0x080001c4   0x0000005a   Code   RO         5858    !!dczerorl2         c_w.l(__dczerorl2.o)
    0x0800021e   0x00000002   PAD
    0x08000220   0x0000001c   Code   RO         5862    !!handler_zi        c_w.l(__scatter_zi.o)
    0x0800023c   0x00000000   Code   RO         5542    .ARM.Collect$$_printf_percent$$00000000  c_w.l(_printf_percent.o)
    0x0800023c   0x00000006   Code   RO         5541    .ARM.Collect$$_printf_percent$$00000009  c_w.l(_printf_d.o)
    0x08000242   0x00000004   Code   RO         5638    .ARM.Collect$$_printf_percent$$00000017  c_w.l(_printf_percent_end.o)
    0x08000246   0x00000002   Code   RO         5732    .ARM.Collect$$libinit$$00000000  c_w.l(libinit.o)
    0x08000248   0x00000004   Code   RO         5743    .ARM.Collect$$libinit$$00000001  c_w.l(libinit2.o)
    0x0800024c   0x00000000   Code   RO         5747    .ARM.Collect$$libinit$$00000008  c_w.l(libinit2.o)
    0x0800024c   0x00000000   Code   RO         5749    .ARM.Collect$$libinit$$0000000A  c_w.l(libinit2.o)
    0x0800024c   0x00000000   Code   RO         5751    .ARM.Collect$$libinit$$0000000C  c_w.l(libinit2.o)
    0x0800024c   0x00000000   Code   RO         5754    .ARM.Collect$$libinit$$0000000F  c_w.l(libinit2.o)
    0x0800024c   0x00000000   Code   RO         5756    .ARM.Collect$$libinit$$00000011  c_w.l(libinit2.o)
    0x0800024c   0x00000000   Code   RO         5758    .ARM.Collect$$libinit$$00000013  c_w.l(libinit2.o)
    0x0800024c   0x00000000   Code   RO         5760    .ARM.Collect$$libinit$$00000015  c_w.l(libinit2.o)
    0x0800024c   0x00000000   Code   RO         5762    .ARM.Collect$$libinit$$00000017  c_w.l(libinit2.o)
    0x0800024c   0x00000000   Code   RO         5764    .ARM.Collect$$libinit$$00000019  c_w.l(libinit2.o)
    0x0800024c   0x00000000   Code   RO         5766    .ARM.Collect$$libinit$$0000001B  c_w.l(libinit2.o)
    0x0800024c   0x00000000   Code   RO         5768    .ARM.Collect$$libinit$$0000001D  c_w.l(libinit2.o)
    0x0800024c   0x00000000   Code   RO         5770    .ARM.Collect$$libinit$$0000001F  c_w.l(libinit2.o)
    0x0800024c   0x00000000   Code   RO         5772    .ARM.Collect$$libinit$$00000021  c_w.l(libinit2.o)
    0x0800024c   0x00000000   Code   RO         5774    .ARM.Collect$$libinit$$00000023  c_w.l(libinit2.o)
    0x0800024c   0x00000000   Code   RO         5778    .ARM.Collect$$libinit$$0000002A  c_w.l(libinit2.o)
    0x0800024c   0x00000000   Code   RO         5780    .ARM.Collect$$libinit$$0000002C  c_w.l(libinit2.o)
    0x0800024c   0x00000000   Code   RO         5782    .ARM.Collect$$libinit$$0000002E  c_w.l(libinit2.o)
    0x0800024c   0x00000000   Code   RO         5784    .ARM.Collect$$libinit$$00000030  c_w.l(libinit2.o)
    0x0800024c   0x00000002   Code   RO         5785    .ARM.Collect$$libinit$$00000031  c_w.l(libinit2.o)
    0x0800024e   0x00000002   Code   RO         5813    .ARM.Collect$$libshutdown$$00000000  c_w.l(libshutdown.o)
    0x08000250   0x00000000   Code   RO         5843    .ARM.Collect$$libshutdown$$00000003  c_w.l(libshutdown2.o)
    0x08000250   0x00000000   Code   RO         5846    .ARM.Collect$$libshutdown$$00000006  c_w.l(libshutdown2.o)
    0x08000250   0x00000000   Code   RO         5849    .ARM.Collect$$libshutdown$$00000009  c_w.l(libshutdown2.o)
    0x08000250   0x00000000   Code   RO         5851    .ARM.Collect$$libshutdown$$0000000B  c_w.l(libshutdown2.o)
    0x08000250   0x00000000   Code   RO         5854    .ARM.Collect$$libshutdown$$0000000E  c_w.l(libshutdown2.o)
    0x08000250   0x00000002   Code   RO         5855    .ARM.Collect$$libshutdown$$0000000F  c_w.l(libshutdown2.o)
    0x08000252   0x00000000   Code   RO         5627    .ARM.Collect$$rtentry$$00000000  c_w.l(rtentry.o)
    0x08000252   0x00000000   Code   RO         5683    .ARM.Collect$$rtentry$$00000002  c_w.l(rtentry2.o)
    0x08000252   0x00000006   Code   RO         5695    .ARM.Collect$$rtentry$$00000004  c_w.l(rtentry4.o)
    0x08000258   0x00000000   Code   RO         5685    .ARM.Collect$$rtentry$$00000009  c_w.l(rtentry2.o)
    0x08000258   0x00000004   Code   RO         5686    .ARM.Collect$$rtentry$$0000000A  c_w.l(rtentry2.o)
    0x0800025c   0x00000000   Code   RO         5688    .ARM.Collect$$rtentry$$0000000C  c_w.l(rtentry2.o)
    0x0800025c   0x00000008   Code   RO         5689    .ARM.Collect$$rtentry$$0000000D  c_w.l(rtentry2.o)
    0x08000264   0x00000002   Code   RO         5735    .ARM.Collect$$rtexit$$00000000  c_w.l(rtexit.o)
    0x08000266   0x00000000   Code   RO         5789    .ARM.Collect$$rtexit$$00000002  c_w.l(rtexit2.o)
    0x08000266   0x00000004   Code   RO         5790    .ARM.Collect$$rtexit$$00000003  c_w.l(rtexit2.o)
    0x0800026a   0x00000006   Code   RO         5791    .ARM.Collect$$rtexit$$00000004  c_w.l(rtexit2.o)
    0x08000270   0x00000040   Code   RO            4    .text               startup_stm32f407xx.o
    0x080002b0   0x000000ee   Code   RO         5511    .text               c_w.l(lludivv7m.o)
    0x0800039e   0x00000002   PAD
    0x080003a0   0x00000018   Code   RO         5515    .text               c_w.l(noretval__2printf.o)
    0x080003b8   0x00000068   Code   RO         5517    .text               c_w.l(__printf.o)
    0x08000420   0x00000074   Code   RO         5519    .text               c_w.l(_printf_dec.o)
    0x08000494   0x0000004e   Code   RO         5543    .text               c_w.l(rt_memclr_w.o)
    0x080004e2   0x00000006   Code   RO         5545    .text               c_w.l(heapauxi.o)
    0x080004e8   0x00000016   Code   RO         5632    .text               c_w.l(_rserrno.o)
    0x080004fe   0x000000b2   Code   RO         5634    .text               c_w.l(_printf_intcommon.o)
    0x080005b0   0x00000024   Code   RO         5636    .text               c_w.l(_printf_char_file.o)
    0x080005d4   0x00000008   Code   RO         5702    .text               c_w.l(rt_errno_addr_intlibspace.o)
    0x080005dc   0x00000030   Code   RO         5704    .text               c_w.l(_printf_char_common.o)
    0x0800060c   0x00000008   Code   RO         5706    .text               c_w.l(ferror.o)
    0x08000614   0x00000008   Code   RO         5714    .text               c_w.l(libspace.o)
    0x0800061c   0x0000004a   Code   RO         5717    .text               c_w.l(sys_stackheap_outer.o)
    0x08000666   0x0000000c   Code   RO         5721    .text               c_w.l(exit.o)
    0x08000672   0x00000002   PAD
    0x08000674   0x00000128   Code   RO          948    i.ADC_Init          stm32f4xx_hal_adc.o
    0x0800079c   0x00000138   Code   RO         5211    i.APP_Show          show.o
    0x080008d4   0x00000002   Code   RO          782    i.BusFault_Handler  stm32f4xx_it.o
    0x080008d6   0x00000002   PAD
    0x080008d8   0x0000000c   Code   RO          783    i.CAN1_RX0_IRQHandler  stm32f4xx_it.o
    0x080008e4   0x00000036   Code   RO          355    i.CAN1_Send_Num     can.o
    0x0800091a   0x00000002   PAD
    0x0800091c   0x000000b0   Code   RO          356    i.CAN1_Tx_Msg       can.o
    0x080009cc   0x00000064   Code   RO          357    i.CAN1_Tx_Staus     can.o
    0x08000a30   0x00000058   Code   RO         4848    i.CAN_SEND          usartx.o
    0x08000a88   0x0000003c   Code   RO         4849    i.Check_Sum         usartx.o
    0x08000ac4   0x00000002   Code   RO          784    i.DebugMon_Handler  stm32f4xx_it.o
    0x08000ac6   0x00000002   PAD
    0x08000ac8   0x000004d6   Code   RO         4997    i.Drive_Motor       balance.o
    0x08000f9e   0x00000004   Code   RO           13    i.Error_Handler     main.o
    0x08000fa2   0x00000002   PAD
    0x08000fa4   0x00000040   Code   RO          286    i.Get_Adc           adc.o
    0x08000fe4   0x000001c4   Code   RO         4998    i.Get_RC            balance.o
    0x080011a8   0x00000110   Code   RO         4999    i.Get_Velocity_Form_Encoder  balance.o
    0x080012b8   0x0000002e   Code   RO          287    i.Get_adc_Average   adc.o
    0x080012e6   0x00000002   PAD
    0x080012e8   0x00000068   Code   RO          288    i.Get_battery_volt  adc.o
    0x08001350   0x0000014c   Code   RO          950    i.HAL_ADC_ConfigChannel  stm32f4xx_hal_adc.o
    0x0800149c   0x00000004   Code   RO          956    i.HAL_ADC_GetState  stm32f4xx_hal_adc.o
    0x080014a0   0x00000006   Code   RO          957    i.HAL_ADC_GetValue  stm32f4xx_hal_adc.o
    0x080014a6   0x00000054   Code   RO          959    i.HAL_ADC_Init      stm32f4xx_hal_adc.o
    0x080014fa   0x00000002   PAD
    0x080014fc   0x00000060   Code   RO          290    i.HAL_ADC_MspInit   adc.o
    0x0800155c   0x000000aa   Code   RO          963    i.HAL_ADC_PollForConversion  stm32f4xx_hal_adc.o
    0x08001606   0x00000002   PAD
    0x08001608   0x000000fc   Code   RO          965    i.HAL_ADC_Start     stm32f4xx_hal_adc.o
    0x08001704   0x00000002   Code   RO         2361    i.HAL_CAN_ErrorCallback  stm32f4xx_hal_can.o
    0x08001706   0x000001fc   Code   RO         2368    i.HAL_CAN_IRQHandler  stm32f4xx_hal_can.o
    0x08001902   0x0000011a   Code   RO         2369    i.HAL_CAN_Init      stm32f4xx_hal_can.o
    0x08001a1c   0x00000098   Code   RO          359    i.HAL_CAN_MspInit   can.o
    0x08001ab4   0x00000002   Code   RO         2376    i.HAL_CAN_RxFifo0FullCallback  stm32f4xx_hal_can.o
    0x08001ab6   0x00000002   Code   RO         2377    i.HAL_CAN_RxFifo0MsgPendingCallback  stm32f4xx_hal_can.o
    0x08001ab8   0x00000002   Code   RO         2378    i.HAL_CAN_RxFifo1FullCallback  stm32f4xx_hal_can.o
    0x08001aba   0x00000002   Code   RO         2379    i.HAL_CAN_RxFifo1MsgPendingCallback  stm32f4xx_hal_can.o
    0x08001abc   0x00000002   Code   RO         2380    i.HAL_CAN_SleepCallback  stm32f4xx_hal_can.o
    0x08001abe   0x00000002   Code   RO         2383    i.HAL_CAN_TxMailbox0AbortCallback  stm32f4xx_hal_can.o
    0x08001ac0   0x00000002   Code   RO         2384    i.HAL_CAN_TxMailbox0CompleteCallback  stm32f4xx_hal_can.o
    0x08001ac2   0x00000002   Code   RO         2385    i.HAL_CAN_TxMailbox1AbortCallback  stm32f4xx_hal_can.o
    0x08001ac4   0x00000002   Code   RO         2386    i.HAL_CAN_TxMailbox1CompleteCallback  stm32f4xx_hal_can.o
    0x08001ac6   0x00000002   Code   RO         2387    i.HAL_CAN_TxMailbox2AbortCallback  stm32f4xx_hal_can.o
    0x08001ac8   0x00000002   Code   RO         2388    i.HAL_CAN_TxMailbox2CompleteCallback  stm32f4xx_hal_can.o
    0x08001aca   0x00000002   Code   RO         2390    i.HAL_CAN_WakeUpFromRxMsgCallback  stm32f4xx_hal_can.o
    0x08001acc   0x00000092   Code   RO         1685    i.HAL_DMA_Abort     stm32f4xx_hal_dma.o
    0x08001b5e   0x00000024   Code   RO         1686    i.HAL_DMA_Abort_IT  stm32f4xx_hal_dma.o
    0x08001b82   0x00000002   PAD
    0x08001b84   0x000001f0   Code   RO         1578    i.HAL_GPIO_Init     stm32f4xx_hal_gpio.o
    0x08001d74   0x0000000a   Code   RO         1582    i.HAL_GPIO_WritePin  stm32f4xx_hal_gpio.o
    0x08001d7e   0x00000002   PAD
    0x08001d80   0x0000000c   Code   RO         2110    i.HAL_GetTick       stm32f4xx_hal.o
    0x08001d8c   0x00000010   Code   RO         2116    i.HAL_IncTick       stm32f4xx_hal.o
    0x08001d9c   0x00000034   Code   RO         2117    i.HAL_Init          stm32f4xx_hal.o
    0x08001dd0   0x00000040   Code   RO         2118    i.HAL_InitTick      stm32f4xx_hal.o
    0x08001e10   0x00000034   Code   RO          921    i.HAL_MspInit       stm32f4xx_hal_msp.o
    0x08001e44   0x0000001a   Code   RO         1967    i.HAL_NVIC_EnableIRQ  stm32f4xx_hal_cortex.o
    0x08001e5e   0x00000002   PAD
    0x08001e60   0x00000040   Code   RO         1973    i.HAL_NVIC_SetPriority  stm32f4xx_hal_cortex.o
    0x08001ea0   0x00000024   Code   RO         1974    i.HAL_NVIC_SetPriorityGrouping  stm32f4xx_hal_cortex.o
    0x08001ec4   0x00000134   Code   RO         1224    i.HAL_RCC_ClockConfig  stm32f4xx_hal_rcc.o
    0x08001ff8   0x00000020   Code   RO         1231    i.HAL_RCC_GetPCLK1Freq  stm32f4xx_hal_rcc.o
    0x08002018   0x00000020   Code   RO         1232    i.HAL_RCC_GetPCLK2Freq  stm32f4xx_hal_rcc.o
    0x08002038   0x00000060   Code   RO         1233    i.HAL_RCC_GetSysClockFreq  stm32f4xx_hal_rcc.o
    0x08002098   0x0000036c   Code   RO         1236    i.HAL_RCC_OscConfig  stm32f4xx_hal_rcc.o
    0x08002404   0x00000028   Code   RO         1978    i.HAL_SYSTICK_Config  stm32f4xx_hal_cortex.o
    0x0800242c   0x00000002   Code   RO         3745    i.HAL_TIMEx_BreakCallback  stm32f4xx_hal_tim_ex.o
    0x0800242e   0x00000002   Code   RO         3746    i.HAL_TIMEx_CommutCallback  stm32f4xx_hal_tim_ex.o
    0x08002430   0x00000054   Code   RO         3748    i.HAL_TIMEx_ConfigBreakDeadTime  stm32f4xx_hal_tim_ex.o
    0x08002484   0x00000090   Code   RO         3764    i.HAL_TIMEx_MasterConfigSynchronization  stm32f4xx_hal_tim_ex.o
    0x08002514   0x0000005a   Code   RO         3041    i.HAL_TIM_Base_Init  stm32f4xx_hal_tim.o
    0x0800256e   0x00000002   PAD
    0x08002570   0x00000074   Code   RO          561    i.HAL_TIM_Base_MspInit  tim.o
    0x080025e4   0x00000080   Code   RO         3046    i.HAL_TIM_Base_Start_IT  stm32f4xx_hal_tim.o
    0x08002664   0x000000a4   Code   RO         3062    i.HAL_TIM_Encoder_Init  stm32f4xx_hal_tim.o
    0x08002708   0x0000018c   Code   RO          563    i.HAL_TIM_Encoder_MspInit  tim.o
    0x08002894   0x0000008e   Code   RO         3065    i.HAL_TIM_Encoder_Start  stm32f4xx_hal_tim.o
    0x08002922   0x00000002   Code   RO         3075    i.HAL_TIM_IC_CaptureCallback  stm32f4xx_hal_tim.o
    0x08002924   0x0000011e   Code   RO         3077    i.HAL_TIM_IC_ConfigChannel  stm32f4xx_hal_tim.o
    0x08002a42   0x0000005a   Code   RO         3080    i.HAL_TIM_IC_Init   stm32f4xx_hal_tim.o
    0x08002a9c   0x00000078   Code   RO          565    i.HAL_TIM_IC_MspInit  tim.o
    0x08002b14   0x00000166   Code   RO         3089    i.HAL_TIM_IRQHandler  stm32f4xx_hal_tim.o
    0x08002c7a   0x00000002   PAD
    0x08002c7c   0x000000ec   Code   RO          566    i.HAL_TIM_MspPostInit  tim.o
    0x08002d68   0x00000002   Code   RO         3092    i.HAL_TIM_OC_DelayElapsedCallback  stm32f4xx_hal_tim.o
    0x08002d6a   0x000000cc   Code   RO         3113    i.HAL_TIM_PWM_ConfigChannel  stm32f4xx_hal_tim.o
    0x08002e36   0x0000005a   Code   RO         3116    i.HAL_TIM_PWM_Init  stm32f4xx_hal_tim.o
    0x08002e90   0x00000060   Code   RO          568    i.HAL_TIM_PWM_MspInit  tim.o
    0x08002ef0   0x00000002   Code   RO         3119    i.HAL_TIM_PWM_PulseFinishedCallback  stm32f4xx_hal_tim.o
    0x08002ef2   0x00000002   PAD
    0x08002ef4   0x000000c8   Code   RO         3121    i.HAL_TIM_PWM_Start  stm32f4xx_hal_tim.o
    0x08002fbc   0x000001ec   Code   RO         5000    i.HAL_TIM_PeriodElapsedCallback  balance.o
    0x080031a8   0x00000002   Code   RO         3132    i.HAL_TIM_TriggerCallback  stm32f4xx_hal_tim.o
    0x080031aa   0x00000002   Code   RO         4023    i.HAL_UARTEx_RxEventCallback  stm32f4xx_hal_uart.o
    0x080031ac   0x00000002   Code   RO         4037    i.HAL_UART_ErrorCallback  stm32f4xx_hal_uart.o
    0x080031ae   0x00000002   PAD
    0x080031b0   0x00000268   Code   RO         4040    i.HAL_UART_IRQHandler  stm32f4xx_hal_uart.o
    0x08003418   0x00000062   Code   RO         4041    i.HAL_UART_Init     stm32f4xx_hal_uart.o
    0x0800347a   0x00000002   PAD
    0x0800347c   0x0000019c   Code   RO          705    i.HAL_UART_MspInit  usart.o
    0x08003618   0x0000002a   Code   RO         4046    i.HAL_UART_Receive_IT  stm32f4xx_hal_uart.o
    0x08003642   0x00000002   PAD
    0x08003644   0x00000234   Code   RO         4850    i.HAL_UART_RxCpltCallback  usartx.o
    0x08003878   0x00000002   Code   RO         4052    i.HAL_UART_TxCpltCallback  stm32f4xx_hal_uart.o
    0x0800387a   0x00000002   Code   RO          785    i.HardFault_Handler  stm32f4xx_it.o
    0x0800387c   0x00000040   Code   RO          442    i.I2C_Ack           i2c.o
    0x080038bc   0x00000040   Code   RO          443    i.I2C_NAck          i2c.o
    0x080038fc   0x00000070   Code   RO          445    i.I2C_ReadByte      i2c.o
    0x0800396c   0x0000003e   Code   RO          446    i.I2C_ReadOneByte   i2c.o
    0x080039aa   0x00000002   PAD
    0x080039ac   0x00000050   Code   RO          447    i.I2C_Start         i2c.o
    0x080039fc   0x00000040   Code   RO          448    i.I2C_Stop          i2c.o
    0x08003a3c   0x00000054   Code   RO          449    i.I2C_WaiteForAck   i2c.o
    0x08003a90   0x0000004a   Code   RO          450    i.I2C_WriteBits     i2c.o
    0x08003ada   0x00000002   PAD
    0x08003adc   0x00000060   Code   RO          452    i.I2C_WriteByte     i2c.o
    0x08003b3c   0x00000032   Code   RO          454    i.I2C_WriteOneByte  i2c.o
    0x08003b6e   0x00000002   PAD
    0x08003b70   0x0000007c   Code   RO         5001    i.Incremental_PI_A  balance.o
    0x08003bec   0x0000007c   Code   RO         5002    i.Incremental_PI_B  balance.o
    0x08003c68   0x0000007c   Code   RO         5003    i.Incremental_PI_C  balance.o
    0x08003ce4   0x0000007c   Code   RO         5004    i.Incremental_PI_D  balance.o
    0x08003d60   0x00000024   Code   RO         5005    i.Key               balance.o
    0x08003d84   0x00000030   Code   RO         4550    i.Led_Flash         led.o
    0x08003db4   0x00000090   Code   RO         5006    i.Limit_Pwm         balance.o
    0x08003e44   0x00000032   Code   RO         5380    i.MPU6050_Set_LPF   mpu6050.o
    0x08003e76   0x00000030   Code   RO         5381    i.MPU6050_Set_Rate  mpu6050.o
    0x08003ea6   0x00000084   Code   RO         5383    i.MPU6050_initialize  mpu6050.o
    0x08003f2a   0x00000012   Code   RO         5386    i.MPU6050_setFullScaleAccelRange  mpu6050.o
    0x08003f3c   0x00000012   Code   RO         5387    i.MPU6050_setFullScaleGyroRange  mpu6050.o
    0x08003f4e   0x0000000e   Code   RO         5391    i.MPU6050_task      mpu6050.o
    0x08003f5c   0x00000054   Code   RO         5393    i.MPU_Get_Accelscope  mpu6050.o
    0x08003fb0   0x00000054   Code   RO         5394    i.MPU_Get_Gyroscope  mpu6050.o
    0x08004004   0x00000068   Code   RO          291    i.MX_ADC1_Init      adc.o
    0x0800406c   0x00000048   Code   RO          360    i.MX_CAN1_Init      can.o
    0x080040b4   0x00000140   Code   RO          262    i.MX_GPIO_Init      gpio.o
    0x080041f4   0x0000006c   Code   RO          569    i.MX_TIM10_Init     tim.o
    0x08004260   0x0000006c   Code   RO          570    i.MX_TIM11_Init     tim.o
    0x080042cc   0x00000088   Code   RO          571    i.MX_TIM12_Init     tim.o
    0x08004354   0x000000f0   Code   RO          572    i.MX_TIM1_Init      tim.o
    0x08004444   0x00000078   Code   RO          573    i.MX_TIM2_Init      tim.o
    0x080044bc   0x00000078   Code   RO          574    i.MX_TIM3_Init      tim.o
    0x08004534   0x00000078   Code   RO          575    i.MX_TIM4_Init      tim.o
    0x080045ac   0x00000078   Code   RO          576    i.MX_TIM5_Init      tim.o
    0x08004624   0x00000044   Code   RO          577    i.MX_TIM7_Init      tim.o
    0x08004668   0x000000b4   Code   RO          578    i.MX_TIM8_Init      tim.o
    0x0800471c   0x00000078   Code   RO          579    i.MX_TIM9_Init      tim.o
    0x08004794   0x00000044   Code   RO          706    i.MX_UART5_Init     usart.o
    0x080047d8   0x00000044   Code   RO          707    i.MX_USART1_UART_Init  usart.o
    0x0800481c   0x00000044   Code   RO          708    i.MX_USART2_UART_Init  usart.o
    0x08004860   0x00000044   Code   RO          709    i.MX_USART3_UART_Init  usart.o
    0x080048a4   0x00000002   Code   RO          786    i.MemManage_Handler  stm32f4xx_it.o
    0x080048a6   0x00000002   Code   RO          787    i.NMI_Handler       stm32f4xx_it.o
    0x080048a8   0x0000002c   Code   RO         4586    i.OLED_Clear        oled.o
    0x080048d4   0x0000003c   Code   RO         4589    i.OLED_DrawPoint    oled.o
    0x08004910   0x000000ec   Code   RO         4590    i.OLED_Init         oled.o
    0x080049fc   0x0000004c   Code   RO         4591    i.OLED_Refresh_Gram  oled.o
    0x08004a48   0x00000090   Code   RO         4594    i.OLED_ShowChar     oled.o
    0x08004ad8   0x00000078   Code   RO         4595    i.OLED_ShowNumber   oled.o
    0x08004b50   0x0000003e   Code   RO         4596    i.OLED_ShowString   oled.o
    0x08004b8e   0x00000002   PAD
    0x08004b90   0x00000044   Code   RO         4597    i.OLED_WR_Byte      oled.o
    0x08004bd4   0x00000018   Code   RO         4688    i.PS2_ClearData     pstwo.o
    0x08004bec   0x00000088   Code   RO         4689    i.PS2_Cmd           pstwo.o
    0x08004c74   0x00000040   Code   RO         4690    i.PS2_DataKey       pstwo.o
    0x08004cb4   0x0000005c   Code   RO         4691    i.PS2_EnterConfing  pstwo.o
    0x08004d10   0x0000005c   Code   RO         4692    i.PS2_ExitConfing   pstwo.o
    0x08004d6c   0x000000d8   Code   RO         4693    i.PS2_Read          pstwo.o
    0x08004e44   0x000000b0   Code   RO         4694    i.PS2_ReadData      pstwo.o
    0x08004ef4   0x0000001e   Code   RO         4697    i.PS2_SetInit       pstwo.o
    0x08004f12   0x00000002   PAD
    0x08004f14   0x00000044   Code   RO         4698    i.PS2_ShortPoll     pstwo.o
    0x08004f58   0x00000058   Code   RO         4699    i.PS2_TurnOnAnalogMode  pstwo.o
    0x08004fb0   0x0000019c   Code   RO         5007    i.PS2_control       balance.o
    0x0800514c   0x00000002   Code   RO          788    i.PendSV_Handler    stm32f4xx_it.o
    0x0800514e   0x00000002   PAD
    0x08005150   0x00000040   Code   RO         4449    i.Read_Encoder      encoder.o
    0x08005190   0x000001c8   Code   RO         5008    i.Remote_Control    balance.o
    0x08005358   0x00000098   Code   RO         5178    i.Robot_Init        robot_select_init.o
    0x080053f0   0x00000160   Code   RO         5179    i.Robot_Select      robot_select_init.o
    0x08005550   0x00000002   Code   RO          789    i.SVC_Handler       stm32f4xx_it.o
    0x08005552   0x00000002   PAD
    0x08005554   0x00000074   Code   RO         5009    i.Set_Pwm           balance.o
    0x080055c8   0x00000138   Code   RO         5010    i.Smooth_control    balance.o
    0x08005700   0x00000004   Code   RO          790    i.SysTick_Handler   stm32f4xx_it.o
    0x08005704   0x00000094   Code   RO           14    i.SystemClock_Config  main.o
    0x08005798   0x00000010   Code   RO         4370    i.SystemInit        system_stm32f4xx.o
    0x080057a8   0x0000000c   Code   RO          791    i.TIM2_IRQHandler   stm32f4xx_it.o
    0x080057b4   0x0000000c   Code   RO          792    i.TIM3_IRQHandler   stm32f4xx_it.o
    0x080057c0   0x0000000c   Code   RO          793    i.TIM4_IRQHandler   stm32f4xx_it.o
    0x080057cc   0x0000000c   Code   RO          794    i.TIM5_IRQHandler   stm32f4xx_it.o
    0x080057d8   0x0000000c   Code   RO          795    i.TIM7_IRQHandler   stm32f4xx_it.o
    0x080057e4   0x0000000c   Code   RO          796    i.TIM8_CC_IRQHandler  stm32f4xx_it.o
    0x080057f0   0x000000c8   Code   RO         3134    i.TIM_Base_SetConfig  stm32f4xx_hal_tim.o
    0x080058b8   0x0000001a   Code   RO         3135    i.TIM_CCxChannelCmd  stm32f4xx_hal_tim.o
    0x080058d2   0x00000002   PAD
    0x080058d4   0x00000060   Code   RO         3147    i.TIM_OC1_SetConfig  stm32f4xx_hal_tim.o
    0x08005934   0x0000006c   Code   RO         3148    i.TIM_OC2_SetConfig  stm32f4xx_hal_tim.o
    0x080059a0   0x00000068   Code   RO         3149    i.TIM_OC3_SetConfig  stm32f4xx_hal_tim.o
    0x08005a08   0x00000050   Code   RO         3150    i.TIM_OC4_SetConfig  stm32f4xx_hal_tim.o
    0x08005a58   0x00000080   Code   RO         3153    i.TIM_TI1_SetConfig  stm32f4xx_hal_tim.o
    0x08005ad8   0x00000036   Code   RO         3155    i.TIM_TI2_SetConfig  stm32f4xx_hal_tim.o
    0x08005b0e   0x00000002   PAD
    0x08005b10   0x00000050   Code   RO         5011    i.Turn_Off          balance.o
    0x08005b60   0x0000000c   Code   RO          797    i.UART5_IRQHandler  stm32f4xx_it.o
    0x08005b6c   0x00000010   Code   RO         4054    i.UART_DMAAbortOnError  stm32f4xx_hal_uart.o
    0x08005b7c   0x0000004e   Code   RO         4064    i.UART_EndRxTransfer  stm32f4xx_hal_uart.o
    0x08005bca   0x000000c0   Code   RO         4066    i.UART_Receive_IT   stm32f4xx_hal_uart.o
    0x08005c8a   0x00000002   PAD
    0x08005c8c   0x000000dc   Code   RO         4067    i.UART_SetConfig    stm32f4xx_hal_uart.o
    0x08005d68   0x00000036   Code   RO         4069    i.UART_Start_Receive_IT  stm32f4xx_hal_uart.o
    0x08005d9e   0x00000002   PAD
    0x08005da0   0x0000000c   Code   RO          798    i.USART1_IRQHandler  stm32f4xx_it.o
    0x08005dac   0x0000001c   Code   RO         4851    i.USART1_SEND       usartx.o
    0x08005dc8   0x0000000c   Code   RO          799    i.USART2_IRQHandler  stm32f4xx_it.o
    0x08005dd4   0x0000000c   Code   RO          800    i.USART3_IRQHandler  stm32f4xx_it.o
    0x08005de0   0x0000001c   Code   RO         4852    i.USART3_SEND       usartx.o
    0x08005dfc   0x0000001c   Code   RO         4853    i.USART5_SEND       usartx.o
    0x08005e18   0x00000002   Code   RO          801    i.UsageFault_Handler  stm32f4xx_it.o
    0x08005e1a   0x00000030   Code   RO         5666    i.__ARM_fpclassify  m_wm.l(fpclassify.o)
    0x08005e4a   0x00000020   Code   RO         1980    i.__NVIC_SetPriority  stm32f4xx_hal_cortex.o
    0x08005e6a   0x00000006   PAD
    0x08005e70   0x00000c38   Code   RO         5589    i.__hardfp_pow      m_wm.l(pow.o)
    0x08006aa8   0x0000007a   Code   RO         5603    i.__hardfp_sqrt     m_wm.l(sqrt.o)
    0x08006b22   0x00000006   PAD
    0x08006b28   0x000000a0   Code   RO         5615    i.__hardfp_tan      m_wm.l(tan.o)
    0x08006bc8   0x00000438   Code   RO         5671    i.__ieee754_rem_pio2  m_wm.l(rred.o)
    0x08007000   0x000000f8   Code   RO         5668    i.__kernel_poly     m_wm.l(poly.o)
    0x080070f8   0x00000350   Code   RO         5676    i.__kernel_tan      m_wm.l(tan_i.o)
    0x08007448   0x00000020   Code   RO         5658    i.__mathlib_dbl_underflow  m_wm.l(dunder.o)
    0x08007468   0x00000002   Code   RO          710    i._sys_exit         usart.o
    0x0800746a   0x00000002   PAD
    0x0800746c   0x00000090   Code   RO         4504    i.click_N_Double_MPU6050  key.o
    0x080074fc   0x00000024   Code   RO         4856    i.data_task         usartx.o
    0x08007520   0x000002a0   Code   RO         4857    i.data_transition   usartx.o
    0x080077c0   0x00000020   Code   RO         5320    i.delay_init        delay.o
    0x080077e0   0x00000034   Code   RO         5321    i.delay_ms          delay.o
    0x08007814   0x00000034   Code   RO         5322    i.delay_us          delay.o
    0x08007848   0x00000018   Code   RO         5662    i.fabs              m_wm.l(fabs.o)
    0x08007860   0x00000010   Code   RO         5012    i.float_abs         balance.o
    0x08007870   0x00000030   Code   RO          711    i.fputc             usart.o
    0x080078a0   0x00000094   Code   RO           15    i.main              main.o
    0x08007934   0x00000010   Code   RO         4598    i.oled_pow          oled.o
    0x08007944   0x00000884   Code   RO         5212    i.oled_show         show.o
    0x080081c8   0x0000004c   Code   RO         5213    i.show_task         show.o
    0x08008214   0x0000006e   Code   RO         5605    i.sqrt              m_wm.l(sqrt.o)
    0x08008282   0x00000020   Code   RO         5015    i.target_limit_float  balance.o
    0x080082a2   0x00000010   Code   RO         5016    i.target_limit_int  balance.o
    0x080082b2   0x00000002   PAD
    0x080082b4   0x00000010   Code   RO         4858    i.usart1_send       usartx.o
    0x080082c4   0x00000014   Code   RO         4860    i.usart3_send       usartx.o
    0x080082d8   0x00000010   Code   RO         4861    i.usart5_send       usartx.o
    0x080082e8   0x00000018   Code   RO         5639    x$fpl$basic         fz_wm.l(basic.o)
    0x08008300   0x00000062   Code   RO         5549    x$fpl$d2f           fz_wm.l(d2f.o)
    0x08008362   0x00000002   PAD
    0x08008364   0x00000150   Code   RO         5551    x$fpl$dadd          fz_wm.l(daddsub_clz.o)
    0x080084b4   0x00000010   Code   RO         5710    x$fpl$dcheck1       fz_wm.l(dcheck1.o)
    0x080084c4   0x00000018   Code   RO         5712    x$fpl$dcmpinf       fz_wm.l(dcmpi.o)
    0x080084dc   0x000002b0   Code   RO         5558    x$fpl$ddiv          fz_wm.l(ddiv.o)
    0x0800878c   0x0000005e   Code   RO         5561    x$fpl$dfix          fz_wm.l(dfix.o)
    0x080087ea   0x0000002e   Code   RO         5566    x$fpl$dflt          fz_wm.l(dflt_clz.o)
    0x08008818   0x00000026   Code   RO         5565    x$fpl$dfltu         fz_wm.l(dflt_clz.o)
    0x0800883e   0x00000002   PAD
    0x08008840   0x00000078   Code   RO         5641    x$fpl$dleqf         fz_wm.l(dleqf.o)
    0x080088b8   0x00000154   Code   RO         5571    x$fpl$dmul          fz_wm.l(dmul.o)
    0x08008a0c   0x0000009c   Code   RO         5643    x$fpl$dnaninf       fz_wm.l(dnaninf.o)
    0x08008aa8   0x0000000c   Code   RO         5645    x$fpl$dretinf       fz_wm.l(dretinf.o)
    0x08008ab4   0x0000006c   Code   RO         5647    x$fpl$drleqf        fz_wm.l(drleqf.o)
    0x08008b20   0x00000016   Code   RO         5552    x$fpl$drsb          fz_wm.l(daddsub_clz.o)
    0x08008b36   0x00000002   PAD
    0x08008b38   0x00000198   Code   RO         5649    x$fpl$dsqrt         fz_wm.l(dsqrt_umaal.o)
    0x08008cd0   0x000001d4   Code   RO         5553    x$fpl$dsub          fz_wm.l(daddsub_clz.o)
    0x08008ea4   0x00000056   Code   RO         5573    x$fpl$f2d           fz_wm.l(f2d.o)
    0x08008efa   0x0000008c   Code   RO         5651    x$fpl$fnaninf       fz_wm.l(fnaninf.o)
    0x08008f86   0x0000000a   Code   RO         5801    x$fpl$fpinit        fz_wm.l(fpinit.o)
    0x08008f90   0x0000000a   Code   RO         5653    x$fpl$fretinf       fz_wm.l(fretinf.o)
    0x08008f9a   0x00000064   Code   RO         5733    x$fpl$retnan        fz_wm.l(retnan.o)
    0x08008ffe   0x0000005c   Code   RO         5655    x$fpl$scalbn        fz_wm.l(scalbn.o)
    0x0800905a   0x00000030   Code   RO         5786    x$fpl$trapveneer    fz_wm.l(trapv.o)
    0x0800908a   0x00000000   Code   RO         5657    x$fpl$usenofp       fz_wm.l(usenofp.o)
    0x0800908a   0x00000010   Data   RO         4371    .constdata          system_stm32f4xx.o
    0x0800909a   0x00000008   Data   RO         4372    .constdata          system_stm32f4xx.o
    0x080090a2   0x000014a4   Data   RO         4600    .constdata          oled.o
    0x0800a546   0x00000002   PAD
    0x0800a548   0x00000088   Data   RO         5592    .constdata          m_wm.l(pow.o)
    0x0800a5d0   0x00000008   Data   RO         5670    .constdata          m_wm.l(qnan.o)
    0x0800a5d8   0x000000c8   Data   RO         5673    .constdata          m_wm.l(rred.o)
    0x0800a6a0   0x00000060   Data   RO         5677    .constdata          m_wm.l(tan_i.o)
    0x0800a700   0x00000020   Data   RO         5856    Region$$Table       anon$$obj.o


    Execution Region RW_IRAM2 (Base: 0x10000000, Size: 0x00000000, Max: 0x00010000, ABSOLUTE)

    **** No section assigned to this execution region ****


    Execution Region RW_IRAM1 (Base: 0x20000000, Size: 0x00001160, Max: 0x00020000, ABSOLUTE, COMPRESSED[0x00000040])

    Base Addr    Size         Type   Attr      Idx    E Section Name        Object

    0x20000000   0x00000004   Data   RW          294    .data               adc.o
    0x20000004   0x00000004   Data   RW          296    .data               adc.o
    0x20000008   0x00000001   Data   RW          713    .data               usart.o
    0x20000009   0x00000003   PAD
    0x2000000c   0x00000004   Data   RW          714    .data               usart.o
    0x20000010   0x0000000c   Data   RW         2124    .data               stm32f4xx_hal.o
    0x2000001c   0x00000004   Data   RW         4373    .data               system_stm32f4xx.o
    0x20000020   0x00000014   Data   RW         4505    .data               key.o
    0x20000034   0x00000004   Data   RW         4552    .data               led.o
    0x20000038   0x00000028   Data   RW         4703    .data               pstwo.o
    0x20000060   0x00000004   Data   RW         4805    .data               timer.o
    0x20000064   0x00000004   Data   RW         4806    .data               timer.o
    0x20000068   0x00000004   Data   RW         4807    .data               timer.o
    0x2000006c   0x00000004   Data   RW         4808    .data               timer.o
    0x20000070   0x00000010   Data   RW         4863    .data               usartx.o
    0x20000080   0x00000001   Data   RW         4864    .data               usartx.o
    0x20000081   0x00000001   Data   RW         4867    .data               usartx.o
    0x20000082   0x00000001   Data   RW         4869    .data               usartx.o
    0x20000083   0x00000001   PAD
    0x20000084   0x0000003c   Data   RW         5019    .data               balance.o
    0x200000c0   0x0000000c   Data   RW         5215    .data               show.o
    0x200000cc   0x00000001   Data   RW         5259    .data               system.o
    0x200000cd   0x00000001   Data   RW         5260    .data               system.o
    0x200000ce   0x00000002   PAD
    0x200000d0   0x00000004   Data   RW         5261    .data               system.o
    0x200000d4   0x00000004   Data   RW         5262    .data               system.o
    0x200000d8   0x00000004   Data   RW         5263    .data               system.o
    0x200000dc   0x00000001   Data   RW         5264    .data               system.o
    0x200000dd   0x00000001   Data   RW         5265    .data               system.o
    0x200000de   0x00000001   Data   RW         5266    .data               system.o
    0x200000df   0x00000001   Data   RW         5267    .data               system.o
    0x200000e0   0x00000001   Data   RW         5268    .data               system.o
    0x200000e1   0x00000003   PAD
    0x200000e4   0x00000004   Data   RW         5269    .data               system.o
    0x200000e8   0x00000004   Data   RW         5273    .data               system.o
    0x200000ec   0x00000004   Data   RW         5274    .data               system.o
    0x200000f0   0x00000004   Data   RW         5276    .data               system.o
    0x200000f4   0x00000004   Data   RW         5277    .data               system.o
    0x200000f8   0x00000004   Data   RW         5278    .data               system.o
    0x200000fc   0x00000004   Data   RW         5279    .data               system.o
    0x20000100   0x00000004   Data   RW         5280    .data               system.o
    0x20000104   0x00000004   Data   RW         5281    .data               system.o
    0x20000108   0x00000004   Data   RW         5282    .data               system.o
    0x2000010c   0x00000004   Data   RW         5283    .data               system.o
    0x20000110   0x00000004   Data   RW         5284    .data               system.o
    0x20000114   0x00000004   Data   RW         5285    .data               system.o
    0x20000118   0x00000001   Data   RW         5286    .data               system.o
    0x20000119   0x00000001   Data   RW         5287    .data               system.o
    0x2000011a   0x00000001   Data   RW         5288    .data               system.o
    0x2000011b   0x00000001   Data   RW         5289    .data               system.o
    0x2000011c   0x00000001   Data   RW         5290    .data               system.o
    0x2000011d   0x00000001   Data   RW         5291    .data               system.o
    0x2000011e   0x00000002   PAD
    0x20000120   0x00000004   Data   RW         5292    .data               system.o
    0x20000124   0x00000004   Data   RW         5293    .data               system.o
    0x20000128   0x00000004   Data   RW         5294    .data               system.o
    0x2000012c   0x00000004   Data   RW         5295    .data               system.o
    0x20000130   0x00000004   Data   RW         5296    .data               system.o
    0x20000134   0x00000004   Data   RW         5323    .data               delay.o
    0x20000138   0x0000000c   Data   RW         5405    .data               mpu6050.o
    0x20000144   0x00000006   Data   RW         5408    .data               mpu6050.o
    0x2000014a   0x00000006   Data   RW         5409    .data               mpu6050.o
    0x20000150   0x00000048   Zero   RW          292    .bss                adc.o
    0x20000198   0x00000028   Zero   RW          361    .bss                can.o
    0x200001c0   0x00000318   Zero   RW          580    .bss                tim.o
    0x200004d8   0x00000110   Zero   RW          712    .bss                usart.o
    0x200005e8   0x00000400   Zero   RW         4599    .bss                oled.o
    0x200009e8   0x00000009   Zero   RW         4702    .bss                pstwo.o
    0x200009f1   0x00000003   PAD
    0x200009f4   0x00000084   Zero   RW         4862    .bss                usartx.o
    0x20000a78   0x00000010   Zero   RW         5017    .bss                balance.o
    0x20000a88   0x00000018   Zero   RW         5180    .bss                robot_select_init.o
    0x20000aa0   0x0000000c   Zero   RW         5254    .bss                system.o
    0x20000aac   0x00000014   Zero   RW         5255    .bss                system.o
    0x20000ac0   0x00000014   Zero   RW         5256    .bss                system.o
    0x20000ad4   0x00000014   Zero   RW         5257    .bss                system.o
    0x20000ae8   0x00000014   Zero   RW         5258    .bss                system.o
    0x20000afc   0x00000060   Zero   RW         5715    .bss                c_w.l(libspace.o)
    0x20000b5c   0x00000004   PAD
    0x20000b60   0x00000200   Zero   RW            2    HEAP                startup_stm32f407xx.o
    0x20000d60   0x00000400   Zero   RW            1    STACK               startup_stm32f407xx.o


==============================================================================

Image component sizes


      Code (inc. data)   RO Data    RW Data    ZI Data      Debug   Object Name

       414         66          0          8         72       3473   adc.o
      4570        642          0         60         16      13367   balance.o
       554         42          0          0         40       3735   can.o
       136         18          0          4          0       1619   delay.o
        64         12          0          0          0        607   encoder.o
       320         20          0          0          0       1079   gpio.o
       750         64          0          0          0       5570   i2c.o
       144         10          0         20          0       2415   key.o
        48          8          0          4          0        496   led.o
       300         18          0          0          0     720568   main.o
       448         12          0         24          0       5873   mpu6050.o
       826         34       5284          0       1024       6427   oled.o
       986        112          0         40          9       6356   pstwo.o
       504        142          0          0         24       1633   robot_select_init.o
      2568        400          0         12          0       3280   show.o
        64         26        392          0       1536        828   startup_stm32f407xx.o
       144         24          0         12          0       8677   stm32f4xx_hal.o
      1144         52          0          0          0       5425   stm32f4xx_hal_adc.o
       816          0          0          0          0       9735   stm32f4xx_hal_can.o
       198         14          0          0          0      33523   stm32f4xx_hal_cortex.o
       182          0          0          0          0       1939   stm32f4xx_hal_dma.o
       506         46          0          0          0       1984   stm32f4xx_hal_gpio.o
        52          4          0          0          0        850   stm32f4xx_hal_msp.o
      1344         72          0          0          0       4964   stm32f4xx_hal_rcc.o
      2556        164          0          0          0      16888   stm32f4xx_hal_tim.o
       232         28          0          0          0       3121   stm32f4xx_hal_tim_ex.o
      1322         16          0          0          0       8392   stm32f4xx_hal_uart.o
       152         66          0          0          0       9110   stm32f4xx_it.o
         0          0          0         97         92       3097   system.o
        16          4         24          4          0       1103   system_stm32f4xx.o
      2404        196          0          0        792      11437   tim.o
         0          0          0         16          0       1362   timer.o
       734        100          0          5        272       6097   usart.o
      1556        228          0         19        132       8826   usartx.o

    ----------------------------------------------------------------------
     26118       2640       5734        336       4012     913856   Object Totals
         0          0         32          0          0          0   (incl. Generated)
        64          0          2         11          3          0   (incl. Padding)

    ----------------------------------------------------------------------

      Code (inc. data)   RO Data    RW Data    ZI Data      Debug   Library Member Name

        90          0          0          0          0          0   __dczerorl2.o
         8          0          0          0          0         68   __main.o
       104          0          0          0          0         84   __printf.o
        52          8          0          0          0          0   __scatter.o
        28          0          0          0          0          0   __scatter_zi.o
        48          6          0          0          0         96   _printf_char_common.o
        36          4          0          0          0         80   _printf_char_file.o
         6          0          0          0          0          0   _printf_d.o
       116         16          0          0          0         92   _printf_dec.o
       178          0          0          0          0         88   _printf_intcommon.o
         0          0          0          0          0          0   _printf_percent.o
         4          0          0          0          0          0   _printf_percent_end.o
        22          0          0          0          0        100   _rserrno.o
        12          0          0          0          0         72   exit.o
         8          0          0          0          0         68   ferror.o
         6          0          0          0          0        152   heapauxi.o
         2          0          0          0          0          0   libinit.o
         6          0          0          0          0          0   libinit2.o
         2          0          0          0          0          0   libshutdown.o
         2          0          0          0          0          0   libshutdown2.o
         8          4          0          0         96         68   libspace.o
       238          0          0          0          0        100   lludivv7m.o
        24          4          0          0          0         84   noretval__2printf.o
         8          4          0          0          0         68   rt_errno_addr_intlibspace.o
        78          0          0          0          0         80   rt_memclr_w.o
         0          0          0          0          0          0   rtentry.o
        12          0          0          0          0          0   rtentry2.o
         6          0          0          0          0          0   rtentry4.o
         2          0          0          0          0          0   rtexit.o
        10          0          0          0          0          0   rtexit2.o
        74          0          0          0          0         80   sys_stackheap_outer.o
        24          0          0          0          0        164   basic.o
        98          4          0          0          0        140   d2f.o
       826         16          0          0          0        492   daddsub_clz.o
        16          4          0          0          0        116   dcheck1.o
        24          0          0          0          0        116   dcmpi.o
       688        140          0          0          0        256   ddiv.o
        94          4          0          0          0        140   dfix.o
        84          0          0          0          0        232   dflt_clz.o
       120          4          0          0          0        140   dleqf.o
       340         12          0          0          0        152   dmul.o
       156          4          0          0          0        140   dnaninf.o
        12          0          0          0          0        116   dretinf.o
       108          0          0          0          0        128   drleqf.o
       408         56          0          0          0        168   dsqrt_umaal.o
        86          4          0          0          0        132   f2d.o
       140          4          0          0          0        132   fnaninf.o
        10          0          0          0          0        116   fpinit.o
        10          0          0          0          0        116   fretinf.o
       100          0          0          0          0        116   retnan.o
        92          0          0          0          0        116   scalbn.o
        48          0          0          0          0        116   trapv.o
         0          0          0          0          0          0   usenofp.o
        32          8          0          0          0        124   dunder.o
        24          0          0          0          0        124   fabs.o
        48          0          0          0          0        124   fpclassify.o
       248          0          0          0          0        152   poly.o
      3128        304        136          0          0        216   pow.o
         0          0          8          0          0          0   qnan.o
      1080        142        200          0          0        188   rred.o
       232          0          0          0          0        296   sqrt.o
       160         18          0          0          0        152   tan.o
       848         84         96          0          0        196   tan_i.o

    ----------------------------------------------------------------------
     10492        854        440          0        100       6296   Library Totals
        18          0          0          0          4          0   (incl. Padding)

    ----------------------------------------------------------------------

      Code (inc. data)   RO Data    RW Data    ZI Data      Debug   Library Name

      1190         46          0          0         96       1380   c_w.l
      3484        252          0          0          0       3344   fz_wm.l
      5800        556        440          0          0       1572   m_wm.l

    ----------------------------------------------------------------------
     10492        854        440          0        100       6296   Library Totals

    ----------------------------------------------------------------------

==============================================================================


      Code (inc. data)   RO Data    RW Data    ZI Data      Debug   

     36610       3494       6174        336       4112     896128   Grand Totals
     36610       3494       6174         64       4112     896128   ELF Image Totals (compressed)
     36610       3494       6174         64          0          0   ROM Totals

==============================================================================

    Total RO  Size (Code + RO Data)                42784 (  41.78kB)
    Total RW  Size (RW Data + ZI Data)              4448 (   4.34kB)
    Total ROM Size (Code + RO Data + RW Data)      42848 (  41.84kB)

==============================================================================

